
==========================================================================
cts final report_tns
--------------------------------------------------------------------------
tns max 0.00

==========================================================================
cts final report_wns
--------------------------------------------------------------------------
wns max 0.00

==========================================================================
cts final report_worst_slack
--------------------------------------------------------------------------
worst slack max 6.48

==========================================================================
cts final report_clock_min_period
--------------------------------------------------------------------------
clk period_min = 10.52 fmax = 95.02

==========================================================================
cts final report_clock_skew
--------------------------------------------------------------------------
Clock clk
   1.14 source latency bimodal.bht[22][1]$_SDFFCE_PN0P_/CLK ^
  -1.03 target latency bimodal.bht[226][1]$_SDFFCE_PN0P_/CLK ^
   0.25 clock uncertainty
   0.00 CRPR
--------------
   0.35 setup skew


==========================================================================
cts final report_checks -path_delay min
--------------------------------------------------------------------------
Startpoint: ifid.id1_pc[21]$_SDFFE_PP0P_
            (rising edge-triggered flip-flop clocked by clk)
Endpoint: idex.ex1_pc[21]$_DFFE_PP_
          (rising edge-triggered flip-flop clocked by clk)
Path Group: clk
Path Type: min

Fanout     Cap    Slew   Delay    Time   Description
-----------------------------------------------------------------------------
                          0.00    0.00   clock clk (rise edge)
                          0.00    0.00   clock source latency
     1    0.17    0.00    0.00    0.00 ^ clk (in)
                                         clk (net)
                  0.02    0.01    0.01 ^ clkbuf_0_clk/A (sky130_fd_sc_hd__clkbuf_16)
     4    0.21    0.22    0.25    0.26 ^ clkbuf_0_clk/X (sky130_fd_sc_hd__clkbuf_16)
                                         clknet_0_clk (net)
                  0.22    0.01    0.26 ^ clkbuf_2_2_0_clk/A (sky130_fd_sc_hd__clkbuf_16)
     8    0.21    0.22    0.32    0.58 ^ clkbuf_2_2_0_clk/X (sky130_fd_sc_hd__clkbuf_16)
                                         clknet_2_2_0_clk (net)
                  0.23    0.01    0.59 ^ clkbuf_5_16__f_clk/A (sky130_fd_sc_hd__clkbuf_16)
    12    0.17    0.19    0.30    0.89 ^ clkbuf_5_16__f_clk/X (sky130_fd_sc_hd__clkbuf_16)
                                         clknet_5_16__leaf_clk (net)
                  0.19    0.00    0.89 ^ clkbuf_leaf_284_clk/A (sky130_fd_sc_hd__clkbuf_16)
    10    0.04    0.06    0.19    1.08 ^ clkbuf_leaf_284_clk/X (sky130_fd_sc_hd__clkbuf_16)
                                         clknet_leaf_284_clk (net)
                  0.06    0.00    1.08 ^ ifid.id1_pc[21]$_SDFFE_PP0P_/CLK (sky130_fd_sc_hd__dfxtp_1)
     2    0.01    0.07    0.33    1.40 ^ ifid.id1_pc[21]$_SDFFE_PP0P_/Q (sky130_fd_sc_hd__dfxtp_1)
                                         id1_pc[21] (net)
                  0.07    0.00    1.40 ^ idex.ex1_pc[21]$_DFFE_PP_/D (sky130_fd_sc_hd__edfxtp_1)
                                  1.40   data arrival time

                          0.00    0.00   clock clk (rise edge)
                          0.00    0.00   clock source latency
     1    0.17    0.00    0.00    0.00 ^ clk (in)
                                         clk (net)
                  0.02    0.01    0.01 ^ clkbuf_0_clk/A (sky130_fd_sc_hd__clkbuf_16)
     4    0.21    0.22    0.25    0.26 ^ clkbuf_0_clk/X (sky130_fd_sc_hd__clkbuf_16)
                                         clknet_0_clk (net)
                  0.22    0.01    0.26 ^ clkbuf_2_2_0_clk/A (sky130_fd_sc_hd__clkbuf_16)
     8    0.21    0.22    0.32    0.58 ^ clkbuf_2_2_0_clk/X (sky130_fd_sc_hd__clkbuf_16)
                                         clknet_2_2_0_clk (net)
                  0.23    0.01    0.59 ^ clkbuf_5_16__f_clk/A (sky130_fd_sc_hd__clkbuf_16)
    12    0.17    0.19    0.30    0.89 ^ clkbuf_5_16__f_clk/X (sky130_fd_sc_hd__clkbuf_16)
                                         clknet_5_16__leaf_clk (net)
                  0.19    0.00    0.89 ^ clkbuf_leaf_285_clk/A (sky130_fd_sc_hd__clkbuf_16)
    12    0.04    0.06    0.19    1.08 ^ clkbuf_leaf_285_clk/X (sky130_fd_sc_hd__clkbuf_16)
                                         clknet_leaf_285_clk (net)
                  0.06    0.00    1.08 ^ idex.ex1_pc[21]$_DFFE_PP_/CLK (sky130_fd_sc_hd__edfxtp_1)
                          0.25    1.33   clock uncertainty
                          0.00    1.33   clock reconvergence pessimism
                         -0.11    1.22   library hold time
                                  1.22   data required time
-----------------------------------------------------------------------------
                                  1.22   data required time
                                 -1.40   data arrival time
-----------------------------------------------------------------------------
                                  0.19   slack (MET)



==========================================================================
cts final report_checks -path_delay max
--------------------------------------------------------------------------
Startpoint: exmem.mem2_valid$_SDFFE_PN0N_
            (rising edge-triggered flip-flop clocked by clk)
Endpoint: idex.ex2_rs1_data[17]$_SDFFCE_PP0P_
          (rising edge-triggered flip-flop clocked by clk)
Path Group: clk
Path Type: max

Fanout     Cap    Slew   Delay    Time   Description
-----------------------------------------------------------------------------
                          0.00    0.00   clock clk (rise edge)
                          0.00    0.00   clock source latency
     1    0.17    0.00    0.00    0.00 ^ clk (in)
                                         clk (net)
                  0.02    0.01    0.01 ^ clkbuf_0_clk/A (sky130_fd_sc_hd__clkbuf_16)
     4    0.21    0.22    0.25    0.26 ^ clkbuf_0_clk/X (sky130_fd_sc_hd__clkbuf_16)
                                         clknet_0_clk (net)
                  0.22    0.01    0.26 ^ clkbuf_2_2_0_clk/A (sky130_fd_sc_hd__clkbuf_16)
     8    0.21    0.22    0.32    0.58 ^ clkbuf_2_2_0_clk/X (sky130_fd_sc_hd__clkbuf_16)
                                         clknet_2_2_0_clk (net)
                  0.22    0.00    0.59 ^ clkbuf_5_18__f_clk/A (sky130_fd_sc_hd__clkbuf_16)
    10    0.19    0.20    0.31    0.89 ^ clkbuf_5_18__f_clk/X (sky130_fd_sc_hd__clkbuf_16)
                                         clknet_5_18__leaf_clk (net)
                  0.20    0.00    0.90 ^ clkbuf_leaf_290_clk/A (sky130_fd_sc_hd__clkbuf_16)
     9    0.03    0.06    0.19    1.09 ^ clkbuf_leaf_290_clk/X (sky130_fd_sc_hd__clkbuf_16)
                                         clknet_leaf_290_clk (net)
                  0.06    0.00    1.09 ^ exmem.mem2_valid$_SDFFE_PN0N_/CLK (sky130_fd_sc_hd__dfxtp_1)
     9    0.03    0.28    0.48    1.56 ^ exmem.mem2_valid$_SDFFE_PN0N_/Q (sky130_fd_sc_hd__dfxtp_1)
                                         exmem.mem2_valid (net)
                  0.28    0.00    1.56 ^ _16705_/B (sky130_fd_sc_hd__and3b_1)
     3    0.04    0.35    0.43    1.99 ^ _16705_/X (sky130_fd_sc_hd__and3b_1)
                                         _14234_ (net)
                  0.35    0.00    2.00 ^ _17354_/B1 (sky130_fd_sc_hd__o211ai_1)
     4    0.01    0.16    0.22    2.21 v _17354_/Y (sky130_fd_sc_hd__o211ai_1)
                                         _14790_ (net)
                  0.16    0.00    2.21 v _17428_/A (sky130_fd_sc_hd__nor2_1)
    19    0.07    1.15    0.92    3.13 ^ _17428_/Y (sky130_fd_sc_hd__nor2_1)
                                         _14860_ (net)
                  1.15    0.00    3.13 ^ _17434_/A (sky130_fd_sc_hd__nor2_1)
     9    0.03    0.33    0.39    3.52 v _17434_/Y (sky130_fd_sc_hd__nor2_1)
                                         _14866_ (net)
                  0.33    0.00    3.52 v place3043/A (sky130_fd_sc_hd__buf_4)
    18    0.08    0.11    0.33    3.85 v place3043/X (sky130_fd_sc_hd__buf_4)
                                         net3042 (net)
                  0.11    0.01    3.86 v _17438_/B2 (sky130_fd_sc_hd__a222oi_1)
     2    0.03    0.95    0.84    4.70 ^ _17438_/Y (sky130_fd_sc_hd__a222oi_1)
                                         _14870_ (net)
                  0.95    0.00    4.70 ^ _18203_/A2 (sky130_fd_sc_hd__a21oi_1)
     2    0.02    0.26    0.34    5.04 v _18203_/Y (sky130_fd_sc_hd__a21oi_1)
                                         bu.rs1_data[29] (net)
                  0.26    0.00    5.04 v _29996_/B (sky130_fd_sc_hd__ha_1)
     2    0.01    0.07    0.39    5.43 ^ _29996_/SUM (sky130_fd_sc_hd__ha_1)
                                         _00451_ (net)
                  0.07    0.00    5.43 ^ _22078_/C (sky130_fd_sc_hd__nand4_1)
     3    0.01    0.19    0.17    5.60 v _22078_/Y (sky130_fd_sc_hd__nand4_1)
                                         _07844_ (net)
                  0.19    0.00    5.60 v _22082_/A (sky130_fd_sc_hd__nor4_1)
     3    0.02    0.93    0.85    6.45 ^ _22082_/Y (sky130_fd_sc_hd__nor4_1)
                                         _07848_ (net)
                  0.93    0.00    6.45 ^ _22136_/A (sky130_fd_sc_hd__nand3_1)
     1    0.01    0.21    0.21    6.67 v _22136_/Y (sky130_fd_sc_hd__nand3_1)
                                         _07902_ (net)
                  0.21    0.00    6.67 v _22137_/B (sky130_fd_sc_hd__xnor2_1)
     1    0.00    0.15    0.22    6.89 ^ _22137_/Y (sky130_fd_sc_hd__xnor2_1)
                                         _07903_ (net)
                  0.15    0.00    6.89 ^ _22138_/B (sky130_fd_sc_hd__nor2_1)
     1    0.01    0.12    0.09    6.97 v _22138_/Y (sky130_fd_sc_hd__nor2_1)
                                         _07904_ (net)
                  0.12    0.00    6.97 v _22140_/A2 (sky130_fd_sc_hd__o21ai_0)
     5    0.02    0.56    0.48    7.46 ^ _22140_/Y (sky130_fd_sc_hd__o21ai_0)
                                         _07906_ (net)
                  0.56    0.00    7.46 ^ _22142_/A3 (sky130_fd_sc_hd__o31a_1)
     6    0.03    0.32    0.38    7.84 ^ _22142_/X (sky130_fd_sc_hd__o31a_1)
                                         _07908_ (net)
                  0.32    0.00    7.84 ^ _22296_/S (sky130_fd_sc_hd__mux2_2)
    15    0.08    0.41    0.50    8.34 ^ _22296_/X (sky130_fd_sc_hd__mux2_2)
                                         _08028_ (net)
                  0.41    0.00    8.34 ^ _25156_/C (sky130_fd_sc_hd__nand3_1)
     2    0.01    0.13    0.16    8.50 v _25156_/Y (sky130_fd_sc_hd__nand3_1)
                                         _10592_ (net)
                  0.13    0.00    8.50 v _25158_/A (sky130_fd_sc_hd__inv_1)
    20    0.12    0.97    0.73    9.24 ^ _25158_/Y (sky130_fd_sc_hd__inv_1)
                                         _10594_ (net)
                  0.97    0.01    9.25 ^ place2587/A (sky130_fd_sc_hd__buf_4)
    19    0.14    0.39    0.49    9.73 ^ place2587/X (sky130_fd_sc_hd__buf_4)
                                         net2586 (net)
                  0.40    0.04    9.77 ^ place2586/A (sky130_fd_sc_hd__buf_4)
    19    0.10    0.26    0.36   10.13 ^ place2586/X (sky130_fd_sc_hd__buf_4)
                                         net2585 (net)
                  0.26    0.01   10.14 ^ place2585/A (sky130_fd_sc_hd__buf_4)
    16    0.08    0.22    0.30   10.44 ^ place2585/X (sky130_fd_sc_hd__buf_4)
                                         net2584 (net)
                  0.22    0.00   10.45 ^ place2584/A (sky130_fd_sc_hd__buf_4)
    16    0.07    0.21    0.28   10.73 ^ place2584/X (sky130_fd_sc_hd__buf_4)
                                         net2583 (net)
                  0.21    0.00   10.73 ^ place2583/A (sky130_fd_sc_hd__buf_4)
    16    0.08    0.22    0.29   11.02 ^ place2583/X (sky130_fd_sc_hd__buf_4)
                                         net2582 (net)
                  0.22    0.00   11.02 ^ idex.ex2_rs1_data[17]$_SDFFCE_PP0P_/DE (sky130_fd_sc_hd__edfxtp_1)
                                 11.02   data arrival time

                         17.00   17.00   clock clk (rise edge)
                          0.00   17.00   clock source latency
     1    0.17    0.00    0.00   17.00 ^ clk (in)
                                         clk (net)
                  0.02    0.01   17.01 ^ clkbuf_0_clk/A (sky130_fd_sc_hd__clkbuf_16)
     4    0.21    0.22    0.25   17.26 ^ clkbuf_0_clk/X (sky130_fd_sc_hd__clkbuf_16)
                                         clknet_0_clk (net)
                  0.22    0.01   17.26 ^ clkbuf_2_2_0_clk/A (sky130_fd_sc_hd__clkbuf_16)
     8    0.21    0.22    0.32   17.58 ^ clkbuf_2_2_0_clk/X (sky130_fd_sc_hd__clkbuf_16)
                                         clknet_2_2_0_clk (net)
                  0.22    0.01   17.59 ^ clkbuf_5_23__f_clk/A (sky130_fd_sc_hd__clkbuf_16)
    10    0.16    0.17    0.29   17.87 ^ clkbuf_5_23__f_clk/X (sky130_fd_sc_hd__clkbuf_16)
                                         clknet_5_23__leaf_clk (net)
                  0.17    0.00   17.88 ^ clkbuf_leaf_255_clk/A (sky130_fd_sc_hd__clkbuf_16)
    10    0.03    0.05    0.18   18.06 ^ clkbuf_leaf_255_clk/X (sky130_fd_sc_hd__clkbuf_16)
                                         clknet_leaf_255_clk (net)
                  0.05    0.00   18.06 ^ idex.ex2_rs1_data[17]$_SDFFCE_PP0P_/CLK (sky130_fd_sc_hd__edfxtp_1)
                         -0.25   17.81   clock uncertainty
                          0.00   17.81   clock reconvergence pessimism
                         -0.31   17.50   library setup time
                                 17.50   data required time
-----------------------------------------------------------------------------
                                 17.50   data required time
                                -11.02   data arrival time
-----------------------------------------------------------------------------
                                  6.48   slack (MET)



==========================================================================
cts final report_checks -unconstrained
--------------------------------------------------------------------------
Startpoint: exmem.mem2_valid$_SDFFE_PN0N_
            (rising edge-triggered flip-flop clocked by clk)
Endpoint: idex.ex2_rs1_data[17]$_SDFFCE_PP0P_
          (rising edge-triggered flip-flop clocked by clk)
Path Group: clk
Path Type: max

Fanout     Cap    Slew   Delay    Time   Description
-----------------------------------------------------------------------------
                          0.00    0.00   clock clk (rise edge)
                          0.00    0.00   clock source latency
     1    0.17    0.00    0.00    0.00 ^ clk (in)
                                         clk (net)
                  0.02    0.01    0.01 ^ clkbuf_0_clk/A (sky130_fd_sc_hd__clkbuf_16)
     4    0.21    0.22    0.25    0.26 ^ clkbuf_0_clk/X (sky130_fd_sc_hd__clkbuf_16)
                                         clknet_0_clk (net)
                  0.22    0.01    0.26 ^ clkbuf_2_2_0_clk/A (sky130_fd_sc_hd__clkbuf_16)
     8    0.21    0.22    0.32    0.58 ^ clkbuf_2_2_0_clk/X (sky130_fd_sc_hd__clkbuf_16)
                                         clknet_2_2_0_clk (net)
                  0.22    0.00    0.59 ^ clkbuf_5_18__f_clk/A (sky130_fd_sc_hd__clkbuf_16)
    10    0.19    0.20    0.31    0.89 ^ clkbuf_5_18__f_clk/X (sky130_fd_sc_hd__clkbuf_16)
                                         clknet_5_18__leaf_clk (net)
                  0.20    0.00    0.90 ^ clkbuf_leaf_290_clk/A (sky130_fd_sc_hd__clkbuf_16)
     9    0.03    0.06    0.19    1.09 ^ clkbuf_leaf_290_clk/X (sky130_fd_sc_hd__clkbuf_16)
                                         clknet_leaf_290_clk (net)
                  0.06    0.00    1.09 ^ exmem.mem2_valid$_SDFFE_PN0N_/CLK (sky130_fd_sc_hd__dfxtp_1)
     9    0.03    0.28    0.48    1.56 ^ exmem.mem2_valid$_SDFFE_PN0N_/Q (sky130_fd_sc_hd__dfxtp_1)
                                         exmem.mem2_valid (net)
                  0.28    0.00    1.56 ^ _16705_/B (sky130_fd_sc_hd__and3b_1)
     3    0.04    0.35    0.43    1.99 ^ _16705_/X (sky130_fd_sc_hd__and3b_1)
                                         _14234_ (net)
                  0.35    0.00    2.00 ^ _17354_/B1 (sky130_fd_sc_hd__o211ai_1)
     4    0.01    0.16    0.22    2.21 v _17354_/Y (sky130_fd_sc_hd__o211ai_1)
                                         _14790_ (net)
                  0.16    0.00    2.21 v _17428_/A (sky130_fd_sc_hd__nor2_1)
    19    0.07    1.15    0.92    3.13 ^ _17428_/Y (sky130_fd_sc_hd__nor2_1)
                                         _14860_ (net)
                  1.15    0.00    3.13 ^ _17434_/A (sky130_fd_sc_hd__nor2_1)
     9    0.03    0.33    0.39    3.52 v _17434_/Y (sky130_fd_sc_hd__nor2_1)
                                         _14866_ (net)
                  0.33    0.00    3.52 v place3043/A (sky130_fd_sc_hd__buf_4)
    18    0.08    0.11    0.33    3.85 v place3043/X (sky130_fd_sc_hd__buf_4)
                                         net3042 (net)
                  0.11    0.01    3.86 v _17438_/B2 (sky130_fd_sc_hd__a222oi_1)
     2    0.03    0.95    0.84    4.70 ^ _17438_/Y (sky130_fd_sc_hd__a222oi_1)
                                         _14870_ (net)
                  0.95    0.00    4.70 ^ _18203_/A2 (sky130_fd_sc_hd__a21oi_1)
     2    0.02    0.26    0.34    5.04 v _18203_/Y (sky130_fd_sc_hd__a21oi_1)
                                         bu.rs1_data[29] (net)
                  0.26    0.00    5.04 v _29996_/B (sky130_fd_sc_hd__ha_1)
     2    0.01    0.07    0.39    5.43 ^ _29996_/SUM (sky130_fd_sc_hd__ha_1)
                                         _00451_ (net)
                  0.07    0.00    5.43 ^ _22078_/C (sky130_fd_sc_hd__nand4_1)
     3    0.01    0.19    0.17    5.60 v _22078_/Y (sky130_fd_sc_hd__nand4_1)
                                         _07844_ (net)
                  0.19    0.00    5.60 v _22082_/A (sky130_fd_sc_hd__nor4_1)
     3    0.02    0.93    0.85    6.45 ^ _22082_/Y (sky130_fd_sc_hd__nor4_1)
                                         _07848_ (net)
                  0.93    0.00    6.45 ^ _22136_/A (sky130_fd_sc_hd__nand3_1)
     1    0.01    0.21    0.21    6.67 v _22136_/Y (sky130_fd_sc_hd__nand3_1)
                                         _07902_ (net)
                  0.21    0.00    6.67 v _22137_/B (sky130_fd_sc_hd__xnor2_1)
     1    0.00    0.15    0.22    6.89 ^ _22137_/Y (sky130_fd_sc_hd__xnor2_1)
                                         _07903_ (net)
                  0.15    0.00    6.89 ^ _22138_/B (sky130_fd_sc_hd__nor2_1)
     1    0.01    0.12    0.09    6.97 v _22138_/Y (sky130_fd_sc_hd__nor2_1)
                                         _07904_ (net)
                  0.12    0.00    6.97 v _22140_/A2 (sky130_fd_sc_hd__o21ai_0)
     5    0.02    0.56    0.48    7.46 ^ _22140_/Y (sky130_fd_sc_hd__o21ai_0)
                                         _07906_ (net)
                  0.56    0.00    7.46 ^ _22142_/A3 (sky130_fd_sc_hd__o31a_1)
     6    0.03    0.32    0.38    7.84 ^ _22142_/X (sky130_fd_sc_hd__o31a_1)
                                         _07908_ (net)
                  0.32    0.00    7.84 ^ _22296_/S (sky130_fd_sc_hd__mux2_2)
    15    0.08    0.41    0.50    8.34 ^ _22296_/X (sky130_fd_sc_hd__mux2_2)
                                         _08028_ (net)
                  0.41    0.00    8.34 ^ _25156_/C (sky130_fd_sc_hd__nand3_1)
     2    0.01    0.13    0.16    8.50 v _25156_/Y (sky130_fd_sc_hd__nand3_1)
                                         _10592_ (net)
                  0.13    0.00    8.50 v _25158_/A (sky130_fd_sc_hd__inv_1)
    20    0.12    0.97    0.73    9.24 ^ _25158_/Y (sky130_fd_sc_hd__inv_1)
                                         _10594_ (net)
                  0.97    0.01    9.25 ^ place2587/A (sky130_fd_sc_hd__buf_4)
    19    0.14    0.39    0.49    9.73 ^ place2587/X (sky130_fd_sc_hd__buf_4)
                                         net2586 (net)
                  0.40    0.04    9.77 ^ place2586/A (sky130_fd_sc_hd__buf_4)
    19    0.10    0.26    0.36   10.13 ^ place2586/X (sky130_fd_sc_hd__buf_4)
                                         net2585 (net)
                  0.26    0.01   10.14 ^ place2585/A (sky130_fd_sc_hd__buf_4)
    16    0.08    0.22    0.30   10.44 ^ place2585/X (sky130_fd_sc_hd__buf_4)
                                         net2584 (net)
                  0.22    0.00   10.45 ^ place2584/A (sky130_fd_sc_hd__buf_4)
    16    0.07    0.21    0.28   10.73 ^ place2584/X (sky130_fd_sc_hd__buf_4)
                                         net2583 (net)
                  0.21    0.00   10.73 ^ place2583/A (sky130_fd_sc_hd__buf_4)
    16    0.08    0.22    0.29   11.02 ^ place2583/X (sky130_fd_sc_hd__buf_4)
                                         net2582 (net)
                  0.22    0.00   11.02 ^ idex.ex2_rs1_data[17]$_SDFFCE_PP0P_/DE (sky130_fd_sc_hd__edfxtp_1)
                                 11.02   data arrival time

                         17.00   17.00   clock clk (rise edge)
                          0.00   17.00   clock source latency
     1    0.17    0.00    0.00   17.00 ^ clk (in)
                                         clk (net)
                  0.02    0.01   17.01 ^ clkbuf_0_clk/A (sky130_fd_sc_hd__clkbuf_16)
     4    0.21    0.22    0.25   17.26 ^ clkbuf_0_clk/X (sky130_fd_sc_hd__clkbuf_16)
                                         clknet_0_clk (net)
                  0.22    0.01   17.26 ^ clkbuf_2_2_0_clk/A (sky130_fd_sc_hd__clkbuf_16)
     8    0.21    0.22    0.32   17.58 ^ clkbuf_2_2_0_clk/X (sky130_fd_sc_hd__clkbuf_16)
                                         clknet_2_2_0_clk (net)
                  0.22    0.01   17.59 ^ clkbuf_5_23__f_clk/A (sky130_fd_sc_hd__clkbuf_16)
    10    0.16    0.17    0.29   17.87 ^ clkbuf_5_23__f_clk/X (sky130_fd_sc_hd__clkbuf_16)
                                         clknet_5_23__leaf_clk (net)
                  0.17    0.00   17.88 ^ clkbuf_leaf_255_clk/A (sky130_fd_sc_hd__clkbuf_16)
    10    0.03    0.05    0.18   18.06 ^ clkbuf_leaf_255_clk/X (sky130_fd_sc_hd__clkbuf_16)
                                         clknet_leaf_255_clk (net)
                  0.05    0.00   18.06 ^ idex.ex2_rs1_data[17]$_SDFFCE_PP0P_/CLK (sky130_fd_sc_hd__edfxtp_1)
                         -0.25   17.81   clock uncertainty
                          0.00   17.81   clock reconvergence pessimism
                         -0.31   17.50   library setup time
                                 17.50   data required time
-----------------------------------------------------------------------------
                                 17.50   data required time
                                -11.02   data arrival time
-----------------------------------------------------------------------------
                                  6.48   slack (MET)



==========================================================================
cts final report_check_types -max_slew -max_cap -max_fanout -violators
--------------------------------------------------------------------------

==========================================================================
cts final max_slew_check_slack
--------------------------------------------------------------------------
0.12596435844898224

==========================================================================
cts final max_slew_check_limit
--------------------------------------------------------------------------
1.4958089590072632

==========================================================================
cts final max_slew_check_slack_limit
--------------------------------------------------------------------------
0.0842

==========================================================================
cts final max_fanout_check_slack
--------------------------------------------------------------------------
0.0

==========================================================================
cts final max_fanout_check_limit
--------------------------------------------------------------------------
20.0

==========================================================================
cts final max_fanout_check_slack_limit
--------------------------------------------------------------------------
0.0000

==========================================================================
cts final max_capacitance_check_slack
--------------------------------------------------------------------------
0.004776493180543184

==========================================================================
cts final max_capacitance_check_limit
--------------------------------------------------------------------------
0.021067000925540924

==========================================================================
cts final max_capacitance_check_slack_limit
--------------------------------------------------------------------------
0.2267

==========================================================================
cts final max_slew_violation_count
--------------------------------------------------------------------------
max slew violation count 0

==========================================================================
cts final max_fanout_violation_count
--------------------------------------------------------------------------
max fanout violation count 0

==========================================================================
cts final max_cap_violation_count
--------------------------------------------------------------------------
max cap violation count 0

==========================================================================
cts final setup_violation_count
--------------------------------------------------------------------------
setup violation count 0

==========================================================================
cts final hold_violation_count
--------------------------------------------------------------------------
hold violation count 0

==========================================================================
cts final report_checks -path_delay max reg to reg
--------------------------------------------------------------------------
Startpoint: exmem.mem2_valid$_SDFFE_PN0N_
            (rising edge-triggered flip-flop clocked by clk)
Endpoint: idex.ex2_rs1_data[17]$_SDFFCE_PP0P_
          (rising edge-triggered flip-flop clocked by clk)
Path Group: clk
Path Type: max

  Delay    Time   Description
---------------------------------------------------------
   0.00    0.00   clock clk (rise edge)
   0.00    0.00   clock source latency
   0.00    0.00 ^ clk (in)
   0.26    0.26 ^ clkbuf_0_clk/X (sky130_fd_sc_hd__clkbuf_16)
   0.33    0.58 ^ clkbuf_2_2_0_clk/X (sky130_fd_sc_hd__clkbuf_16)
   0.31    0.89 ^ clkbuf_5_18__f_clk/X (sky130_fd_sc_hd__clkbuf_16)
   0.19    1.09 ^ clkbuf_leaf_290_clk/X (sky130_fd_sc_hd__clkbuf_16)
   0.00    1.09 ^ exmem.mem2_valid$_SDFFE_PN0N_/CLK (sky130_fd_sc_hd__dfxtp_1)
   0.48    1.56 ^ exmem.mem2_valid$_SDFFE_PN0N_/Q (sky130_fd_sc_hd__dfxtp_1)
   0.43    1.99 ^ _16705_/X (sky130_fd_sc_hd__and3b_1)
   0.22    2.21 v _17354_/Y (sky130_fd_sc_hd__o211ai_1)
   0.92    3.13 ^ _17428_/Y (sky130_fd_sc_hd__nor2_1)
   0.39    3.52 v _17434_/Y (sky130_fd_sc_hd__nor2_1)
   0.33    3.85 v place3043/X (sky130_fd_sc_hd__buf_4)
   0.84    4.70 ^ _17438_/Y (sky130_fd_sc_hd__a222oi_1)
   0.34    5.04 v _18203_/Y (sky130_fd_sc_hd__a21oi_1)
   0.39    5.43 ^ _29996_/SUM (sky130_fd_sc_hd__ha_1)
   0.17    5.60 v _22078_/Y (sky130_fd_sc_hd__nand4_1)
   0.85    6.45 ^ _22082_/Y (sky130_fd_sc_hd__nor4_1)
   0.21    6.67 v _22136_/Y (sky130_fd_sc_hd__nand3_1)
   0.22    6.89 ^ _22137_/Y (sky130_fd_sc_hd__xnor2_1)
   0.09    6.97 v _22138_/Y (sky130_fd_sc_hd__nor2_1)
   0.48    7.46 ^ _22140_/Y (sky130_fd_sc_hd__o21ai_0)
   0.39    7.84 ^ _22142_/X (sky130_fd_sc_hd__o31a_1)
   0.50    8.34 ^ _22296_/X (sky130_fd_sc_hd__mux2_2)
   0.16    8.50 v _25156_/Y (sky130_fd_sc_hd__nand3_1)
   0.73    9.24 ^ _25158_/Y (sky130_fd_sc_hd__inv_1)
   0.50    9.73 ^ place2587/X (sky130_fd_sc_hd__buf_4)
   0.40   10.13 ^ place2586/X (sky130_fd_sc_hd__buf_4)
   0.31   10.44 ^ place2585/X (sky130_fd_sc_hd__buf_4)
   0.29   10.73 ^ place2584/X (sky130_fd_sc_hd__buf_4)
   0.29   11.02 ^ place2583/X (sky130_fd_sc_hd__buf_4)
   0.00   11.02 ^ idex.ex2_rs1_data[17]$_SDFFCE_PP0P_/DE (sky130_fd_sc_hd__edfxtp_1)
          11.02   data arrival time

  17.00   17.00   clock clk (rise edge)
   0.00   17.00   clock source latency
   0.00   17.00 ^ clk (in)
   0.26   17.26 ^ clkbuf_0_clk/X (sky130_fd_sc_hd__clkbuf_16)
   0.33   17.58 ^ clkbuf_2_2_0_clk/X (sky130_fd_sc_hd__clkbuf_16)
   0.29   17.87 ^ clkbuf_5_23__f_clk/X (sky130_fd_sc_hd__clkbuf_16)
   0.18   18.06 ^ clkbuf_leaf_255_clk/X (sky130_fd_sc_hd__clkbuf_16)
   0.00   18.06 ^ idex.ex2_rs1_data[17]$_SDFFCE_PP0P_/CLK (sky130_fd_sc_hd__edfxtp_1)
  -0.25   17.81   clock uncertainty
   0.00   17.81   clock reconvergence pessimism
  -0.31   17.50   library setup time
          17.50   data required time
---------------------------------------------------------
          17.50   data required time
         -11.02   data arrival time
---------------------------------------------------------
           6.48   slack (MET)



==========================================================================
cts final report_checks -path_delay min reg to reg
--------------------------------------------------------------------------
Startpoint: ifid.id1_pc[21]$_SDFFE_PP0P_
            (rising edge-triggered flip-flop clocked by clk)
Endpoint: idex.ex1_pc[21]$_DFFE_PP_
          (rising edge-triggered flip-flop clocked by clk)
Path Group: clk
Path Type: min

  Delay    Time   Description
---------------------------------------------------------
   0.00    0.00   clock clk (rise edge)
   0.00    0.00   clock source latency
   0.00    0.00 ^ clk (in)
   0.26    0.26 ^ clkbuf_0_clk/X (sky130_fd_sc_hd__clkbuf_16)
   0.33    0.58 ^ clkbuf_2_2_0_clk/X (sky130_fd_sc_hd__clkbuf_16)
   0.30    0.89 ^ clkbuf_5_16__f_clk/X (sky130_fd_sc_hd__clkbuf_16)
   0.19    1.08 ^ clkbuf_leaf_284_clk/X (sky130_fd_sc_hd__clkbuf_16)
   0.00    1.08 ^ ifid.id1_pc[21]$_SDFFE_PP0P_/CLK (sky130_fd_sc_hd__dfxtp_1)
   0.33    1.40 ^ ifid.id1_pc[21]$_SDFFE_PP0P_/Q (sky130_fd_sc_hd__dfxtp_1)
   0.00    1.40 ^ idex.ex1_pc[21]$_DFFE_PP_/D (sky130_fd_sc_hd__edfxtp_1)
           1.40   data arrival time

   0.00    0.00   clock clk (rise edge)
   0.00    0.00   clock source latency
   0.00    0.00 ^ clk (in)
   0.26    0.26 ^ clkbuf_0_clk/X (sky130_fd_sc_hd__clkbuf_16)
   0.33    0.58 ^ clkbuf_2_2_0_clk/X (sky130_fd_sc_hd__clkbuf_16)
   0.30    0.89 ^ clkbuf_5_16__f_clk/X (sky130_fd_sc_hd__clkbuf_16)
   0.19    1.08 ^ clkbuf_leaf_285_clk/X (sky130_fd_sc_hd__clkbuf_16)
   0.00    1.08 ^ idex.ex1_pc[21]$_DFFE_PP_/CLK (sky130_fd_sc_hd__edfxtp_1)
   0.25    1.33   clock uncertainty
   0.00    1.33   clock reconvergence pessimism
  -0.11    1.22   library hold time
           1.22   data required time
---------------------------------------------------------
           1.22   data required time
          -1.40   data arrival time
---------------------------------------------------------
           0.19   slack (MET)



==========================================================================
cts final critical path target clock latency max path
--------------------------------------------------------------------------
1.0619

==========================================================================
cts final critical path target clock latency min path
--------------------------------------------------------------------------
1.1021

==========================================================================
cts final critical path source clock latency min path
--------------------------------------------------------------------------
0.0000

==========================================================================
cts final critical path delay
--------------------------------------------------------------------------
11.0236

==========================================================================
cts final critical path slack
--------------------------------------------------------------------------
6.4763

==========================================================================
cts final slack div critical path delay
--------------------------------------------------------------------------
58.749410

==========================================================================
cts final report_power
--------------------------------------------------------------------------
Group                  Internal  Switching    Leakage      Total
                          Power      Power      Power      Power (Watts)
----------------------------------------------------------------
Sequential             7.97e-03   4.12e-04   2.86e-08   8.38e-03  37.4%
Combinational          2.02e-03   4.00e-03   4.22e-08   6.02e-03  26.9%
Clock                  4.45e-03   3.57e-03   5.75e-09   8.02e-03  35.8%
Macro                  0.00e+00   0.00e+00   0.00e+00   0.00e+00   0.0%
Pad                    0.00e+00   0.00e+00   0.00e+00   0.00e+00   0.0%
----------------------------------------------------------------
Total                  1.44e-02   7.98e-03   7.65e-08   2.24e-02 100.0%
                          64.4%      35.6%       0.0%
