
==========================================================================
global place report_tns
--------------------------------------------------------------------------
tns max 0.00

==========================================================================
global place report_wns
--------------------------------------------------------------------------
wns max 0.00

==========================================================================
global place report_worst_slack
--------------------------------------------------------------------------
worst slack max 1.66

==========================================================================
global place report_clock_min_period
--------------------------------------------------------------------------
clk period_min = 9.34 fmax = 107.11

==========================================================================
global place report_checks -path_delay min
--------------------------------------------------------------------------
Startpoint: ifid.id1_pc[20]$_SDFFE_PP0P_
            (rising edge-triggered flip-flop clocked by clk)
Endpoint: idex.ex1_pc[20]$_DFFE_PP_
          (rising edge-triggered flip-flop clocked by clk)
Path Group: clk
Path Type: min

Fanout     Cap    Slew   Delay    Time   Description
-----------------------------------------------------------------------------
                  0.00    0.00    0.00   clock clk (rise edge)
                          0.00    0.00   clock network delay (ideal)
                  0.00    0.00    0.00 ^ ifid.id1_pc[20]$_SDFFE_PP0P_/CLK (sky130_fd_sc_hd__dfxtp_1)
     2    0.01    0.07    0.31    0.31 ^ ifid.id1_pc[20]$_SDFFE_PP0P_/Q (sky130_fd_sc_hd__dfxtp_1)
                                         id1_pc[20] (net)
                  0.07    0.00    0.31 ^ idex.ex1_pc[20]$_DFFE_PP_/D (sky130_fd_sc_hd__edfxtp_1)
                                  0.31   data arrival time

                  0.00    0.00    0.00   clock clk (rise edge)
                          0.00    0.00   clock network delay (ideal)
                          0.25    0.25   clock uncertainty
                          0.00    0.25   clock reconvergence pessimism
                                  0.25 ^ idex.ex1_pc[20]$_DFFE_PP_/CLK (sky130_fd_sc_hd__edfxtp_1)
                         -0.12    0.13   library hold time
                                  0.13   data required time
-----------------------------------------------------------------------------
                                  0.13   data required time
                                 -0.31   data arrival time
-----------------------------------------------------------------------------
                                  0.18   slack (MET)



==========================================================================
global place report_checks -path_delay max
--------------------------------------------------------------------------
Startpoint: memwb.wb1_valid$_SDFFE_PN0N_
            (rising edge-triggered flip-flop clocked by clk)
Endpoint: idex.ex2_rs1_data[17]$_SDFFCE_PP0P_
          (rising edge-triggered flip-flop clocked by clk)
Path Group: clk
Path Type: max

Fanout     Cap    Slew   Delay    Time   Description
-----------------------------------------------------------------------------
                  0.00    0.00    0.00   clock clk (rise edge)
                          0.00    0.00   clock network delay (ideal)
                  0.00    0.00    0.00 ^ memwb.wb1_valid$_SDFFE_PN0N_/CLK (sky130_fd_sc_hd__dfxtp_1)
    13    0.08    0.73    0.77    0.77 ^ memwb.wb1_valid$_SDFFE_PN0N_/Q (sky130_fd_sc_hd__dfxtp_1)
                                         fu.wb1_valid (net)
                  0.73    0.01    0.78 ^ _15215_/A (sky130_fd_sc_hd__nand2_1)
     7    0.04    0.40    0.47    1.25 v _15215_/Y (sky130_fd_sc_hd__nand2_1)
                                         _13613_ (net)
                  0.40    0.00    1.25 v _17383_/A (sky130_fd_sc_hd__nor4_1)
     4    0.01    0.47    0.56    1.81 ^ _17383_/Y (sky130_fd_sc_hd__nor4_1)
                                         _14819_ (net)
                  0.47    0.00    1.81 ^ _17384_/B (sky130_fd_sc_hd__and2_1)
     4    0.02    0.17    0.29    2.10 ^ _17384_/X (sky130_fd_sc_hd__and2_1)
                                         _14820_ (net)
                  0.17    0.00    2.10 ^ _17434_/B (sky130_fd_sc_hd__nor2_1)
     1    0.00    0.05    0.07    2.17 v _17434_/Y (sky130_fd_sc_hd__nor2_1)
                                         _14866_ (net)
                  0.05    0.00    2.17 v place3839/A (sky130_fd_sc_hd__buf_4)
     9    0.03    0.06    0.17    2.34 v place3839/X (sky130_fd_sc_hd__buf_4)
                                         net3838 (net)
                  0.06    0.00    2.34 v place3838/A (sky130_fd_sc_hd__buf_4)
    18    0.06    0.09    0.20    2.54 v place3838/X (sky130_fd_sc_hd__buf_4)
                                         net3837 (net)
                  0.09    0.00    2.54 v _17677_/B1 (sky130_fd_sc_hd__a222oi_1)
     1    0.04    1.26    1.02    3.57 ^ _17677_/Y (sky130_fd_sc_hd__a222oi_1)
                                         _04165_ (net)
                  1.26    0.01    3.57 ^ place3769/A (sky130_fd_sc_hd__buf_4)
     2    0.01    0.06    0.26    3.83 ^ place3769/X (sky130_fd_sc_hd__buf_4)
                                         net3768 (net)
                  0.06    0.00    3.83 ^ _18212_/A2 (sky130_fd_sc_hd__a21oi_1)
     2    0.02    0.17    0.15    3.98 v _18212_/Y (sky130_fd_sc_hd__a21oi_1)
                                         bu.rs1_data[24] (net)
                  0.17    0.00    3.98 v _29899_/B (sky130_fd_sc_hd__ha_1)
     1    0.00    0.05    0.32    4.31 ^ _29899_/SUM (sky130_fd_sc_hd__ha_1)
                                         _00244_ (net)
                  0.05    0.00    4.31 ^ _22079_/D (sky130_fd_sc_hd__nand4_1)
     2    0.01    0.16    0.16    4.47 v _22079_/Y (sky130_fd_sc_hd__nand4_1)
                                         _07845_ (net)
                  0.16    0.00    4.47 v _22082_/B (sky130_fd_sc_hd__nor4_1)
     1    0.01    0.54    0.54    5.01 ^ _22082_/Y (sky130_fd_sc_hd__nor4_1)
                                         _07848_ (net)
                  0.54    0.00    5.01 ^ place3492/A (sky130_fd_sc_hd__buf_4)
     3    0.02    0.07    0.23    5.24 ^ place3492/X (sky130_fd_sc_hd__buf_4)
                                         net3491 (net)
                  0.07    0.00    5.25 ^ _22136_/A (sky130_fd_sc_hd__nand3_1)
     1    0.01    0.11    0.09    5.33 v _22136_/Y (sky130_fd_sc_hd__nand3_1)
                                         _07902_ (net)
                  0.11    0.00    5.33 v _22137_/B (sky130_fd_sc_hd__xnor2_1)
     1    0.00    0.14    0.17    5.50 ^ _22137_/Y (sky130_fd_sc_hd__xnor2_1)
                                         _07903_ (net)
                  0.14    0.00    5.50 ^ _22138_/B (sky130_fd_sc_hd__nor2_1)
     1    0.00    0.11    0.06    5.56 v _22138_/Y (sky130_fd_sc_hd__nor2_1)
                                         _07904_ (net)
                  0.11    0.00    5.56 v _22140_/A2 (sky130_fd_sc_hd__o21ai_0)
     5    0.01    0.42    0.37    5.93 ^ _22140_/Y (sky130_fd_sc_hd__o21ai_0)
                                         _07906_ (net)
                  0.42    0.00    5.93 ^ _22142_/A3 (sky130_fd_sc_hd__o31a_1)
     1    0.01    0.11    0.22    6.15 ^ _22142_/X (sky130_fd_sc_hd__o31a_1)
                                         _07908_ (net)
                  0.11    0.00    6.15 ^ place3486/A (sky130_fd_sc_hd__buf_4)
    11    0.06    0.17    0.22    6.37 ^ place3486/X (sky130_fd_sc_hd__buf_4)
                                         net3485 (net)
                  0.17    0.00    6.38 ^ _22296_/S (sky130_fd_sc_hd__mux2_2)
    15    0.08    0.40    0.45    6.82 ^ _22296_/X (sky130_fd_sc_hd__mux2_2)
                                         _08028_ (net)
                  0.40    0.00    6.82 ^ _25156_/C (sky130_fd_sc_hd__nand3_1)
     1    0.00    0.10    0.14    6.97 v _25156_/Y (sky130_fd_sc_hd__nand3_1)
                                         _10592_ (net)
                  0.10    0.00    6.97 v place3461/A (sky130_fd_sc_hd__buf_4)
     9    0.05    0.08    0.21    7.18 v place3461/X (sky130_fd_sc_hd__buf_4)
                                         net3460 (net)
                  0.08    0.00    7.18 v _25158_/A (sky130_fd_sc_hd__inv_1)
    11    0.17    1.35    0.98    8.15 ^ _25158_/Y (sky130_fd_sc_hd__inv_1)
                                         _10594_ (net)
                  1.36    0.04    8.19 ^ place3369/A (sky130_fd_sc_hd__buf_12)
    18    0.10    0.14    0.27    8.46 ^ place3369/X (sky130_fd_sc_hd__buf_12)
                                         net3368 (net)
                  0.14    0.02    8.48 ^ place3368/A (sky130_fd_sc_hd__buf_4)
    18    0.08    0.23    0.28    8.76 ^ place3368/X (sky130_fd_sc_hd__buf_4)
                                         net3367 (net)
                  0.23    0.00    8.76 ^ idex.ex2_rs1_data[17]$_SDFFCE_PP0P_/DE (sky130_fd_sc_hd__edfxtp_1)
                                  8.76   data arrival time

                  0.00   11.00   11.00   clock clk (rise edge)
                          0.00   11.00   clock network delay (ideal)
                         -0.25   10.75   clock uncertainty
                          0.00   10.75   clock reconvergence pessimism
                                 10.75 ^ idex.ex2_rs1_data[17]$_SDFFCE_PP0P_/CLK (sky130_fd_sc_hd__edfxtp_1)
                         -0.32   10.43   library setup time
                                 10.43   data required time
-----------------------------------------------------------------------------
                                 10.43   data required time
                                 -8.76   data arrival time
-----------------------------------------------------------------------------
                                  1.66   slack (MET)



==========================================================================
global place report_checks -unconstrained
--------------------------------------------------------------------------
Startpoint: memwb.wb1_valid$_SDFFE_PN0N_
            (rising edge-triggered flip-flop clocked by clk)
Endpoint: idex.ex2_rs1_data[17]$_SDFFCE_PP0P_
          (rising edge-triggered flip-flop clocked by clk)
Path Group: clk
Path Type: max

Fanout     Cap    Slew   Delay    Time   Description
-----------------------------------------------------------------------------
                  0.00    0.00    0.00   clock clk (rise edge)
                          0.00    0.00   clock network delay (ideal)
                  0.00    0.00    0.00 ^ memwb.wb1_valid$_SDFFE_PN0N_/CLK (sky130_fd_sc_hd__dfxtp_1)
    13    0.08    0.73    0.77    0.77 ^ memwb.wb1_valid$_SDFFE_PN0N_/Q (sky130_fd_sc_hd__dfxtp_1)
                                         fu.wb1_valid (net)
                  0.73    0.01    0.78 ^ _15215_/A (sky130_fd_sc_hd__nand2_1)
     7    0.04    0.40    0.47    1.25 v _15215_/Y (sky130_fd_sc_hd__nand2_1)
                                         _13613_ (net)
                  0.40    0.00    1.25 v _17383_/A (sky130_fd_sc_hd__nor4_1)
     4    0.01    0.47    0.56    1.81 ^ _17383_/Y (sky130_fd_sc_hd__nor4_1)
                                         _14819_ (net)
                  0.47    0.00    1.81 ^ _17384_/B (sky130_fd_sc_hd__and2_1)
     4    0.02    0.17    0.29    2.10 ^ _17384_/X (sky130_fd_sc_hd__and2_1)
                                         _14820_ (net)
                  0.17    0.00    2.10 ^ _17434_/B (sky130_fd_sc_hd__nor2_1)
     1    0.00    0.05    0.07    2.17 v _17434_/Y (sky130_fd_sc_hd__nor2_1)
                                         _14866_ (net)
                  0.05    0.00    2.17 v place3839/A (sky130_fd_sc_hd__buf_4)
     9    0.03    0.06    0.17    2.34 v place3839/X (sky130_fd_sc_hd__buf_4)
                                         net3838 (net)
                  0.06    0.00    2.34 v place3838/A (sky130_fd_sc_hd__buf_4)
    18    0.06    0.09    0.20    2.54 v place3838/X (sky130_fd_sc_hd__buf_4)
                                         net3837 (net)
                  0.09    0.00    2.54 v _17677_/B1 (sky130_fd_sc_hd__a222oi_1)
     1    0.04    1.26    1.02    3.57 ^ _17677_/Y (sky130_fd_sc_hd__a222oi_1)
                                         _04165_ (net)
                  1.26    0.01    3.57 ^ place3769/A (sky130_fd_sc_hd__buf_4)
     2    0.01    0.06    0.26    3.83 ^ place3769/X (sky130_fd_sc_hd__buf_4)
                                         net3768 (net)
                  0.06    0.00    3.83 ^ _18212_/A2 (sky130_fd_sc_hd__a21oi_1)
     2    0.02    0.17    0.15    3.98 v _18212_/Y (sky130_fd_sc_hd__a21oi_1)
                                         bu.rs1_data[24] (net)
                  0.17    0.00    3.98 v _29899_/B (sky130_fd_sc_hd__ha_1)
     1    0.00    0.05    0.32    4.31 ^ _29899_/SUM (sky130_fd_sc_hd__ha_1)
                                         _00244_ (net)
                  0.05    0.00    4.31 ^ _22079_/D (sky130_fd_sc_hd__nand4_1)
     2    0.01    0.16    0.16    4.47 v _22079_/Y (sky130_fd_sc_hd__nand4_1)
                                         _07845_ (net)
                  0.16    0.00    4.47 v _22082_/B (sky130_fd_sc_hd__nor4_1)
     1    0.01    0.54    0.54    5.01 ^ _22082_/Y (sky130_fd_sc_hd__nor4_1)
                                         _07848_ (net)
                  0.54    0.00    5.01 ^ place3492/A (sky130_fd_sc_hd__buf_4)
     3    0.02    0.07    0.23    5.24 ^ place3492/X (sky130_fd_sc_hd__buf_4)
                                         net3491 (net)
                  0.07    0.00    5.25 ^ _22136_/A (sky130_fd_sc_hd__nand3_1)
     1    0.01    0.11    0.09    5.33 v _22136_/Y (sky130_fd_sc_hd__nand3_1)
                                         _07902_ (net)
                  0.11    0.00    5.33 v _22137_/B (sky130_fd_sc_hd__xnor2_1)
     1    0.00    0.14    0.17    5.50 ^ _22137_/Y (sky130_fd_sc_hd__xnor2_1)
                                         _07903_ (net)
                  0.14    0.00    5.50 ^ _22138_/B (sky130_fd_sc_hd__nor2_1)
     1    0.00    0.11    0.06    5.56 v _22138_/Y (sky130_fd_sc_hd__nor2_1)
                                         _07904_ (net)
                  0.11    0.00    5.56 v _22140_/A2 (sky130_fd_sc_hd__o21ai_0)
     5    0.01    0.42    0.37    5.93 ^ _22140_/Y (sky130_fd_sc_hd__o21ai_0)
                                         _07906_ (net)
                  0.42    0.00    5.93 ^ _22142_/A3 (sky130_fd_sc_hd__o31a_1)
     1    0.01    0.11    0.22    6.15 ^ _22142_/X (sky130_fd_sc_hd__o31a_1)
                                         _07908_ (net)
                  0.11    0.00    6.15 ^ place3486/A (sky130_fd_sc_hd__buf_4)
    11    0.06    0.17    0.22    6.37 ^ place3486/X (sky130_fd_sc_hd__buf_4)
                                         net3485 (net)
                  0.17    0.00    6.38 ^ _22296_/S (sky130_fd_sc_hd__mux2_2)
    15    0.08    0.40    0.45    6.82 ^ _22296_/X (sky130_fd_sc_hd__mux2_2)
                                         _08028_ (net)
                  0.40    0.00    6.82 ^ _25156_/C (sky130_fd_sc_hd__nand3_1)
     1    0.00    0.10    0.14    6.97 v _25156_/Y (sky130_fd_sc_hd__nand3_1)
                                         _10592_ (net)
                  0.10    0.00    6.97 v place3461/A (sky130_fd_sc_hd__buf_4)
     9    0.05    0.08    0.21    7.18 v place3461/X (sky130_fd_sc_hd__buf_4)
                                         net3460 (net)
                  0.08    0.00    7.18 v _25158_/A (sky130_fd_sc_hd__inv_1)
    11    0.17    1.35    0.98    8.15 ^ _25158_/Y (sky130_fd_sc_hd__inv_1)
                                         _10594_ (net)
                  1.36    0.04    8.19 ^ place3369/A (sky130_fd_sc_hd__buf_12)
    18    0.10    0.14    0.27    8.46 ^ place3369/X (sky130_fd_sc_hd__buf_12)
                                         net3368 (net)
                  0.14    0.02    8.48 ^ place3368/A (sky130_fd_sc_hd__buf_4)
    18    0.08    0.23    0.28    8.76 ^ place3368/X (sky130_fd_sc_hd__buf_4)
                                         net3367 (net)
                  0.23    0.00    8.76 ^ idex.ex2_rs1_data[17]$_SDFFCE_PP0P_/DE (sky130_fd_sc_hd__edfxtp_1)
                                  8.76   data arrival time

                  0.00   11.00   11.00   clock clk (rise edge)
                          0.00   11.00   clock network delay (ideal)
                         -0.25   10.75   clock uncertainty
                          0.00   10.75   clock reconvergence pessimism
                                 10.75 ^ idex.ex2_rs1_data[17]$_SDFFCE_PP0P_/CLK (sky130_fd_sc_hd__edfxtp_1)
                         -0.32   10.43   library setup time
                                 10.43   data required time
-----------------------------------------------------------------------------
                                 10.43   data required time
                                 -8.76   data arrival time
-----------------------------------------------------------------------------
                                  1.66   slack (MET)



==========================================================================
global place report_power
--------------------------------------------------------------------------
Group                  Internal  Switching    Leakage      Total
                          Power      Power      Power      Power (Watts)
----------------------------------------------------------------
Sequential             1.25e-02   6.56e-04   2.86e-08   1.32e-02  58.7%
Combinational          3.12e-03   6.17e-03   4.24e-08   9.29e-03  41.3%
Clock                  0.00e+00   0.00e+00   0.00e+00   0.00e+00   0.0%
Macro                  0.00e+00   0.00e+00   0.00e+00   0.00e+00   0.0%
Pad                    0.00e+00   0.00e+00   0.00e+00   0.00e+00   0.0%
----------------------------------------------------------------
Total                  1.57e-02   6.83e-03   7.09e-08   2.25e-02 100.0%
                          69.6%      30.4%       0.0%
