
==========================================================================
cts final report_tns
--------------------------------------------------------------------------
tns max 0.00

==========================================================================
cts final report_wns
--------------------------------------------------------------------------
wns max 0.00

==========================================================================
cts final report_worst_slack
--------------------------------------------------------------------------
worst slack max 1.41

==========================================================================
cts final report_clock_min_period
--------------------------------------------------------------------------
clk period_min = 9.59 fmax = 104.30

==========================================================================
cts final report_clock_skew
--------------------------------------------------------------------------
Clock clk
   1.13 source latency idex.ex1_rs1_data[10]$_SDFFCE_PP0P_/CLK ^
  -1.04 target latency ifid.id2_pc[7]$_SDFFE_PP0N_/CLK ^
   0.25 clock uncertainty
   0.00 CRPR
--------------
   0.34 setup skew


==========================================================================
cts final report_checks -path_delay min
--------------------------------------------------------------------------
Startpoint: ifid.id1_pc[23]$_SDFFE_PP0P_
            (rising edge-triggered flip-flop clocked by clk)
Endpoint: idex.ex1_pc[23]$_DFFE_PP_
          (rising edge-triggered flip-flop clocked by clk)
Path Group: clk
Path Type: min

Fanout     Cap    Slew   Delay    Time   Description
-----------------------------------------------------------------------------
                          0.00    0.00   clock clk (rise edge)
                          0.00    0.00   clock source latency
     1    0.17    0.00    0.00    0.00 ^ clk (in)
                                         clk (net)
                  0.01    0.01    0.01 ^ clkbuf_0_clk/A (sky130_fd_sc_hd__clkbuf_16)
     4    0.22    0.23    0.26    0.26 ^ clkbuf_0_clk/X (sky130_fd_sc_hd__clkbuf_16)
                                         clknet_0_clk (net)
                  0.23    0.01    0.27 ^ clkbuf_2_0_0_clk/A (sky130_fd_sc_hd__clkbuf_16)
     8    0.21    0.22    0.32    0.59 ^ clkbuf_2_0_0_clk/X (sky130_fd_sc_hd__clkbuf_16)
                                         clknet_2_0_0_clk (net)
                  0.22    0.00    0.60 ^ clkbuf_5_3__f_clk/A (sky130_fd_sc_hd__clkbuf_16)
     8    0.14    0.15    0.27    0.87 ^ clkbuf_5_3__f_clk/X (sky130_fd_sc_hd__clkbuf_16)
                                         clknet_5_3__leaf_clk (net)
                  0.15    0.00    0.87 ^ clkbuf_leaf_305_clk/A (sky130_fd_sc_hd__clkbuf_16)
    12    0.04    0.06    0.18    1.05 ^ clkbuf_leaf_305_clk/X (sky130_fd_sc_hd__clkbuf_16)
                                         clknet_leaf_305_clk (net)
                  0.06    0.00    1.05 ^ ifid.id1_pc[23]$_SDFFE_PP0P_/CLK (sky130_fd_sc_hd__dfxtp_1)
     2    0.01    0.07    0.33    1.38 ^ ifid.id1_pc[23]$_SDFFE_PP0P_/Q (sky130_fd_sc_hd__dfxtp_1)
                                         id1_pc[23] (net)
                  0.07    0.00    1.38 ^ idex.ex1_pc[23]$_DFFE_PP_/D (sky130_fd_sc_hd__edfxtp_1)
                                  1.38   data arrival time

                          0.00    0.00   clock clk (rise edge)
                          0.00    0.00   clock source latency
     1    0.17    0.00    0.00    0.00 ^ clk (in)
                                         clk (net)
                  0.01    0.01    0.01 ^ clkbuf_0_clk/A (sky130_fd_sc_hd__clkbuf_16)
     4    0.22    0.23    0.26    0.26 ^ clkbuf_0_clk/X (sky130_fd_sc_hd__clkbuf_16)
                                         clknet_0_clk (net)
                  0.23    0.01    0.27 ^ clkbuf_2_0_0_clk/A (sky130_fd_sc_hd__clkbuf_16)
     8    0.21    0.22    0.32    0.59 ^ clkbuf_2_0_0_clk/X (sky130_fd_sc_hd__clkbuf_16)
                                         clknet_2_0_0_clk (net)
                  0.22    0.00    0.60 ^ clkbuf_5_3__f_clk/A (sky130_fd_sc_hd__clkbuf_16)
     8    0.14    0.15    0.27    0.87 ^ clkbuf_5_3__f_clk/X (sky130_fd_sc_hd__clkbuf_16)
                                         clknet_5_3__leaf_clk (net)
                  0.15    0.00    0.87 ^ clkbuf_leaf_305_clk/A (sky130_fd_sc_hd__clkbuf_16)
    12    0.04    0.06    0.18    1.05 ^ clkbuf_leaf_305_clk/X (sky130_fd_sc_hd__clkbuf_16)
                                         clknet_leaf_305_clk (net)
                  0.06    0.00    1.05 ^ idex.ex1_pc[23]$_DFFE_PP_/CLK (sky130_fd_sc_hd__edfxtp_1)
                          0.25    1.30   clock uncertainty
                          0.00    1.30   clock reconvergence pessimism
                         -0.11    1.19   library hold time
                                  1.19   data required time
-----------------------------------------------------------------------------
                                  1.19   data required time
                                 -1.38   data arrival time
-----------------------------------------------------------------------------
                                  0.19   slack (MET)



==========================================================================
cts final report_checks -path_delay max
--------------------------------------------------------------------------
Startpoint: memwb.wb1_valid$_SDFFE_PN0N_
            (rising edge-triggered flip-flop clocked by clk)
Endpoint: idex.ex2_pc[27]$_DFFE_PP_
          (rising edge-triggered flip-flop clocked by clk)
Path Group: clk
Path Type: max

Fanout     Cap    Slew   Delay    Time   Description
-----------------------------------------------------------------------------
                          0.00    0.00   clock clk (rise edge)
                          0.00    0.00   clock source latency
     1    0.17    0.00    0.00    0.00 ^ clk (in)
                                         clk (net)
                  0.01    0.01    0.01 ^ clkbuf_0_clk/A (sky130_fd_sc_hd__clkbuf_16)
     4    0.22    0.23    0.26    0.26 ^ clkbuf_0_clk/X (sky130_fd_sc_hd__clkbuf_16)
                                         clknet_0_clk (net)
                  0.23    0.01    0.27 ^ clkbuf_2_1_0_clk/A (sky130_fd_sc_hd__clkbuf_16)
     8    0.22    0.22    0.33    0.60 ^ clkbuf_2_1_0_clk/X (sky130_fd_sc_hd__clkbuf_16)
                                         clknet_2_1_0_clk (net)
                  0.22    0.01    0.60 ^ clkbuf_5_8__f_clk/A (sky130_fd_sc_hd__clkbuf_16)
    12    0.18    0.19    0.30    0.90 ^ clkbuf_5_8__f_clk/X (sky130_fd_sc_hd__clkbuf_16)
                                         clknet_5_8__leaf_clk (net)
                  0.19    0.00    0.90 ^ clkbuf_leaf_275_clk/A (sky130_fd_sc_hd__clkbuf_16)
    11    0.04    0.06    0.19    1.09 ^ clkbuf_leaf_275_clk/X (sky130_fd_sc_hd__clkbuf_16)
                                         clknet_leaf_275_clk (net)
                  0.06    0.00    1.09 ^ memwb.wb1_valid$_SDFFE_PN0N_/CLK (sky130_fd_sc_hd__dfxtp_1)
    13    0.09    0.79    0.83    1.92 ^ memwb.wb1_valid$_SDFFE_PN0N_/Q (sky130_fd_sc_hd__dfxtp_1)
                                         fu.wb1_valid (net)
                  0.79    0.01    1.93 ^ _15215_/A (sky130_fd_sc_hd__nand2_1)
     7    0.05    0.45    0.52    2.45 v _15215_/Y (sky130_fd_sc_hd__nand2_1)
                                         _13613_ (net)
                  0.45    0.00    2.45 v _17383_/A (sky130_fd_sc_hd__nor4_1)
     4    0.01    0.50    0.59    3.05 ^ _17383_/Y (sky130_fd_sc_hd__nor4_1)
                                         _14819_ (net)
                  0.50    0.00    3.05 ^ _17384_/B (sky130_fd_sc_hd__and2_1)
     4    0.02    0.18    0.30    3.34 ^ _17384_/X (sky130_fd_sc_hd__and2_1)
                                         _14820_ (net)
                  0.18    0.00    3.34 ^ _17434_/B (sky130_fd_sc_hd__nor2_1)
     1    0.00    0.04    0.06    3.40 v _17434_/Y (sky130_fd_sc_hd__nor2_1)
                                         _14866_ (net)
                  0.04    0.00    3.40 v place3839/A (sky130_fd_sc_hd__buf_4)
     9    0.03    0.06    0.16    3.57 v place3839/X (sky130_fd_sc_hd__buf_4)
                                         net3838 (net)
                  0.06    0.00    3.57 v place3838/A (sky130_fd_sc_hd__buf_4)
    18    0.07    0.09    0.20    3.77 v place3838/X (sky130_fd_sc_hd__buf_4)
                                         net3837 (net)
                  0.09    0.01    3.78 v _17677_/B1 (sky130_fd_sc_hd__a222oi_1)
     1    0.04    1.29    1.05    4.83 ^ _17677_/Y (sky130_fd_sc_hd__a222oi_1)
                                         _04165_ (net)
                  1.29    0.01    4.83 ^ place3769/A (sky130_fd_sc_hd__buf_4)
     2    0.01    0.06    0.27    5.10 ^ place3769/X (sky130_fd_sc_hd__buf_4)
                                         net3768 (net)
                  0.06    0.00    5.10 ^ _18212_/A2 (sky130_fd_sc_hd__a21oi_1)
     2    0.02    0.19    0.17    5.27 v _18212_/Y (sky130_fd_sc_hd__a21oi_1)
                                         bu.rs1_data[24] (net)
                  0.19    0.00    5.27 v _29899_/B (sky130_fd_sc_hd__ha_1)
     1    0.00    0.05    0.34    5.61 ^ _29899_/SUM (sky130_fd_sc_hd__ha_1)
                                         _00244_ (net)
                  0.05    0.00    5.61 ^ _22079_/D (sky130_fd_sc_hd__nand4_1)
     2    0.01    0.15    0.16    5.77 v _22079_/Y (sky130_fd_sc_hd__nand4_1)
                                         _07845_ (net)
                  0.15    0.00    5.77 v _22082_/B (sky130_fd_sc_hd__nor4_1)
     1    0.01    0.57    0.56    6.32 ^ _22082_/Y (sky130_fd_sc_hd__nor4_1)
                                         _07848_ (net)
                  0.57    0.00    6.33 ^ place3492/A (sky130_fd_sc_hd__buf_4)
     3    0.02    0.07    0.23    6.56 ^ place3492/X (sky130_fd_sc_hd__buf_4)
                                         net3491 (net)
                  0.07    0.00    6.56 ^ _22136_/A (sky130_fd_sc_hd__nand3_1)
     1    0.00    0.10    0.08    6.64 v _22136_/Y (sky130_fd_sc_hd__nand3_1)
                                         _07902_ (net)
                  0.10    0.00    6.64 v _22137_/B (sky130_fd_sc_hd__xnor2_1)
     1    0.00    0.13    0.15    6.79 ^ _22137_/Y (sky130_fd_sc_hd__xnor2_1)
                                         _07903_ (net)
                  0.13    0.00    6.79 ^ _22138_/B (sky130_fd_sc_hd__nor2_1)
     1    0.00    0.10    0.05    6.84 v _22138_/Y (sky130_fd_sc_hd__nor2_1)
                                         _07904_ (net)
                  0.10    0.00    6.84 v _22140_/A2 (sky130_fd_sc_hd__o21ai_0)
     5    0.02    0.47    0.41    7.26 ^ _22140_/Y (sky130_fd_sc_hd__o21ai_0)
                                         _07906_ (net)
                  0.47    0.00    7.26 ^ _22142_/A3 (sky130_fd_sc_hd__o31a_1)
     1    0.01    0.10    0.22    7.47 ^ _22142_/X (sky130_fd_sc_hd__o31a_1)
                                         _07908_ (net)
                  0.10    0.00    7.47 ^ place3486/A (sky130_fd_sc_hd__buf_4)
    11    0.06    0.17    0.22    7.70 ^ place3486/X (sky130_fd_sc_hd__buf_4)
                                         net3485 (net)
                  0.17    0.00    7.70 ^ _22296_/S (sky130_fd_sc_hd__mux2_2)
    15    0.08    0.42    0.46    8.16 ^ _22296_/X (sky130_fd_sc_hd__mux2_2)
                                         _08028_ (net)
                  0.42    0.00    8.17 ^ _25156_/C (sky130_fd_sc_hd__nand3_1)
     1    0.00    0.10    0.14    8.30 v _25156_/Y (sky130_fd_sc_hd__nand3_1)
                                         _10592_ (net)
                  0.10    0.00    8.30 v place3461/A (sky130_fd_sc_hd__buf_4)
     9    0.05    0.08    0.21    8.51 v place3461/X (sky130_fd_sc_hd__buf_4)
                                         net3460 (net)
                  0.08    0.00    8.52 v _25158_/A (sky130_fd_sc_hd__inv_1)
    11    0.17    1.35    0.97    9.49 ^ _25158_/Y (sky130_fd_sc_hd__inv_1)
                                         _10594_ (net)
                  1.35    0.01    9.50 ^ place3350/A (sky130_fd_sc_hd__buf_12)
    20    0.15    0.19    0.30    9.80 ^ place3350/X (sky130_fd_sc_hd__buf_12)
                                         net3349 (net)
                  0.20    0.03    9.83 ^ place3347/A (sky130_fd_sc_hd__buf_4)
    15    0.07    0.20    0.27   10.10 ^ place3347/X (sky130_fd_sc_hd__buf_4)
                                         net3346 (net)
                  0.20    0.00   10.10 ^ idex.ex2_pc[27]$_DFFE_PP_/DE (sky130_fd_sc_hd__edfxtp_1)
                                 10.10   data arrival time

                         11.00   11.00   clock clk (rise edge)
                          0.00   11.00   clock source latency
     1    0.17    0.00    0.00   11.00 ^ clk (in)
                                         clk (net)
                  0.01    0.01   11.01 ^ clkbuf_0_clk/A (sky130_fd_sc_hd__clkbuf_16)
     4    0.22    0.23    0.26   11.26 ^ clkbuf_0_clk/X (sky130_fd_sc_hd__clkbuf_16)
                                         clknet_0_clk (net)
                  0.23    0.01   11.27 ^ clkbuf_2_1_0_clk/A (sky130_fd_sc_hd__clkbuf_16)
     8    0.22    0.22    0.33   11.60 ^ clkbuf_2_1_0_clk/X (sky130_fd_sc_hd__clkbuf_16)
                                         clknet_2_1_0_clk (net)
                  0.22    0.01   11.60 ^ clkbuf_5_11__f_clk/A (sky130_fd_sc_hd__clkbuf_16)
     9    0.16    0.17    0.28   11.88 ^ clkbuf_5_11__f_clk/X (sky130_fd_sc_hd__clkbuf_16)
                                         clknet_5_11__leaf_clk (net)
                  0.17    0.00   11.89 ^ clkbuf_leaf_268_clk/A (sky130_fd_sc_hd__clkbuf_16)
    11    0.03    0.06    0.18   12.07 ^ clkbuf_leaf_268_clk/X (sky130_fd_sc_hd__clkbuf_16)
                                         clknet_leaf_268_clk (net)
                  0.06    0.00   12.07 ^ idex.ex2_pc[27]$_DFFE_PP_/CLK (sky130_fd_sc_hd__edfxtp_1)
                         -0.25   11.82   clock uncertainty
                          0.00   11.82   clock reconvergence pessimism
                         -0.30   11.51   library setup time
                                 11.51   data required time
-----------------------------------------------------------------------------
                                 11.51   data required time
                                -10.10   data arrival time
-----------------------------------------------------------------------------
                                  1.41   slack (MET)



==========================================================================
cts final report_checks -unconstrained
--------------------------------------------------------------------------
Startpoint: memwb.wb1_valid$_SDFFE_PN0N_
            (rising edge-triggered flip-flop clocked by clk)
Endpoint: idex.ex2_pc[27]$_DFFE_PP_
          (rising edge-triggered flip-flop clocked by clk)
Path Group: clk
Path Type: max

Fanout     Cap    Slew   Delay    Time   Description
-----------------------------------------------------------------------------
                          0.00    0.00   clock clk (rise edge)
                          0.00    0.00   clock source latency
     1    0.17    0.00    0.00    0.00 ^ clk (in)
                                         clk (net)
                  0.01    0.01    0.01 ^ clkbuf_0_clk/A (sky130_fd_sc_hd__clkbuf_16)
     4    0.22    0.23    0.26    0.26 ^ clkbuf_0_clk/X (sky130_fd_sc_hd__clkbuf_16)
                                         clknet_0_clk (net)
                  0.23    0.01    0.27 ^ clkbuf_2_1_0_clk/A (sky130_fd_sc_hd__clkbuf_16)
     8    0.22    0.22    0.33    0.60 ^ clkbuf_2_1_0_clk/X (sky130_fd_sc_hd__clkbuf_16)
                                         clknet_2_1_0_clk (net)
                  0.22    0.01    0.60 ^ clkbuf_5_8__f_clk/A (sky130_fd_sc_hd__clkbuf_16)
    12    0.18    0.19    0.30    0.90 ^ clkbuf_5_8__f_clk/X (sky130_fd_sc_hd__clkbuf_16)
                                         clknet_5_8__leaf_clk (net)
                  0.19    0.00    0.90 ^ clkbuf_leaf_275_clk/A (sky130_fd_sc_hd__clkbuf_16)
    11    0.04    0.06    0.19    1.09 ^ clkbuf_leaf_275_clk/X (sky130_fd_sc_hd__clkbuf_16)
                                         clknet_leaf_275_clk (net)
                  0.06    0.00    1.09 ^ memwb.wb1_valid$_SDFFE_PN0N_/CLK (sky130_fd_sc_hd__dfxtp_1)
    13    0.09    0.79    0.83    1.92 ^ memwb.wb1_valid$_SDFFE_PN0N_/Q (sky130_fd_sc_hd__dfxtp_1)
                                         fu.wb1_valid (net)
                  0.79    0.01    1.93 ^ _15215_/A (sky130_fd_sc_hd__nand2_1)
     7    0.05    0.45    0.52    2.45 v _15215_/Y (sky130_fd_sc_hd__nand2_1)
                                         _13613_ (net)
                  0.45    0.00    2.45 v _17383_/A (sky130_fd_sc_hd__nor4_1)
     4    0.01    0.50    0.59    3.05 ^ _17383_/Y (sky130_fd_sc_hd__nor4_1)
                                         _14819_ (net)
                  0.50    0.00    3.05 ^ _17384_/B (sky130_fd_sc_hd__and2_1)
     4    0.02    0.18    0.30    3.34 ^ _17384_/X (sky130_fd_sc_hd__and2_1)
                                         _14820_ (net)
                  0.18    0.00    3.34 ^ _17434_/B (sky130_fd_sc_hd__nor2_1)
     1    0.00    0.04    0.06    3.40 v _17434_/Y (sky130_fd_sc_hd__nor2_1)
                                         _14866_ (net)
                  0.04    0.00    3.40 v place3839/A (sky130_fd_sc_hd__buf_4)
     9    0.03    0.06    0.16    3.57 v place3839/X (sky130_fd_sc_hd__buf_4)
                                         net3838 (net)
                  0.06    0.00    3.57 v place3838/A (sky130_fd_sc_hd__buf_4)
    18    0.07    0.09    0.20    3.77 v place3838/X (sky130_fd_sc_hd__buf_4)
                                         net3837 (net)
                  0.09    0.01    3.78 v _17677_/B1 (sky130_fd_sc_hd__a222oi_1)
     1    0.04    1.29    1.05    4.83 ^ _17677_/Y (sky130_fd_sc_hd__a222oi_1)
                                         _04165_ (net)
                  1.29    0.01    4.83 ^ place3769/A (sky130_fd_sc_hd__buf_4)
     2    0.01    0.06    0.27    5.10 ^ place3769/X (sky130_fd_sc_hd__buf_4)
                                         net3768 (net)
                  0.06    0.00    5.10 ^ _18212_/A2 (sky130_fd_sc_hd__a21oi_1)
     2    0.02    0.19    0.17    5.27 v _18212_/Y (sky130_fd_sc_hd__a21oi_1)
                                         bu.rs1_data[24] (net)
                  0.19    0.00    5.27 v _29899_/B (sky130_fd_sc_hd__ha_1)
     1    0.00    0.05    0.34    5.61 ^ _29899_/SUM (sky130_fd_sc_hd__ha_1)
                                         _00244_ (net)
                  0.05    0.00    5.61 ^ _22079_/D (sky130_fd_sc_hd__nand4_1)
     2    0.01    0.15    0.16    5.77 v _22079_/Y (sky130_fd_sc_hd__nand4_1)
                                         _07845_ (net)
                  0.15    0.00    5.77 v _22082_/B (sky130_fd_sc_hd__nor4_1)
     1    0.01    0.57    0.56    6.32 ^ _22082_/Y (sky130_fd_sc_hd__nor4_1)
                                         _07848_ (net)
                  0.57    0.00    6.33 ^ place3492/A (sky130_fd_sc_hd__buf_4)
     3    0.02    0.07    0.23    6.56 ^ place3492/X (sky130_fd_sc_hd__buf_4)
                                         net3491 (net)
                  0.07    0.00    6.56 ^ _22136_/A (sky130_fd_sc_hd__nand3_1)
     1    0.00    0.10    0.08    6.64 v _22136_/Y (sky130_fd_sc_hd__nand3_1)
                                         _07902_ (net)
                  0.10    0.00    6.64 v _22137_/B (sky130_fd_sc_hd__xnor2_1)
     1    0.00    0.13    0.15    6.79 ^ _22137_/Y (sky130_fd_sc_hd__xnor2_1)
                                         _07903_ (net)
                  0.13    0.00    6.79 ^ _22138_/B (sky130_fd_sc_hd__nor2_1)
     1    0.00    0.10    0.05    6.84 v _22138_/Y (sky130_fd_sc_hd__nor2_1)
                                         _07904_ (net)
                  0.10    0.00    6.84 v _22140_/A2 (sky130_fd_sc_hd__o21ai_0)
     5    0.02    0.47    0.41    7.26 ^ _22140_/Y (sky130_fd_sc_hd__o21ai_0)
                                         _07906_ (net)
                  0.47    0.00    7.26 ^ _22142_/A3 (sky130_fd_sc_hd__o31a_1)
     1    0.01    0.10    0.22    7.47 ^ _22142_/X (sky130_fd_sc_hd__o31a_1)
                                         _07908_ (net)
                  0.10    0.00    7.47 ^ place3486/A (sky130_fd_sc_hd__buf_4)
    11    0.06    0.17    0.22    7.70 ^ place3486/X (sky130_fd_sc_hd__buf_4)
                                         net3485 (net)
                  0.17    0.00    7.70 ^ _22296_/S (sky130_fd_sc_hd__mux2_2)
    15    0.08    0.42    0.46    8.16 ^ _22296_/X (sky130_fd_sc_hd__mux2_2)
                                         _08028_ (net)
                  0.42    0.00    8.17 ^ _25156_/C (sky130_fd_sc_hd__nand3_1)
     1    0.00    0.10    0.14    8.30 v _25156_/Y (sky130_fd_sc_hd__nand3_1)
                                         _10592_ (net)
                  0.10    0.00    8.30 v place3461/A (sky130_fd_sc_hd__buf_4)
     9    0.05    0.08    0.21    8.51 v place3461/X (sky130_fd_sc_hd__buf_4)
                                         net3460 (net)
                  0.08    0.00    8.52 v _25158_/A (sky130_fd_sc_hd__inv_1)
    11    0.17    1.35    0.97    9.49 ^ _25158_/Y (sky130_fd_sc_hd__inv_1)
                                         _10594_ (net)
                  1.35    0.01    9.50 ^ place3350/A (sky130_fd_sc_hd__buf_12)
    20    0.15    0.19    0.30    9.80 ^ place3350/X (sky130_fd_sc_hd__buf_12)
                                         net3349 (net)
                  0.20    0.03    9.83 ^ place3347/A (sky130_fd_sc_hd__buf_4)
    15    0.07    0.20    0.27   10.10 ^ place3347/X (sky130_fd_sc_hd__buf_4)
                                         net3346 (net)
                  0.20    0.00   10.10 ^ idex.ex2_pc[27]$_DFFE_PP_/DE (sky130_fd_sc_hd__edfxtp_1)
                                 10.10   data arrival time

                         11.00   11.00   clock clk (rise edge)
                          0.00   11.00   clock source latency
     1    0.17    0.00    0.00   11.00 ^ clk (in)
                                         clk (net)
                  0.01    0.01   11.01 ^ clkbuf_0_clk/A (sky130_fd_sc_hd__clkbuf_16)
     4    0.22    0.23    0.26   11.26 ^ clkbuf_0_clk/X (sky130_fd_sc_hd__clkbuf_16)
                                         clknet_0_clk (net)
                  0.23    0.01   11.27 ^ clkbuf_2_1_0_clk/A (sky130_fd_sc_hd__clkbuf_16)
     8    0.22    0.22    0.33   11.60 ^ clkbuf_2_1_0_clk/X (sky130_fd_sc_hd__clkbuf_16)
                                         clknet_2_1_0_clk (net)
                  0.22    0.01   11.60 ^ clkbuf_5_11__f_clk/A (sky130_fd_sc_hd__clkbuf_16)
     9    0.16    0.17    0.28   11.88 ^ clkbuf_5_11__f_clk/X (sky130_fd_sc_hd__clkbuf_16)
                                         clknet_5_11__leaf_clk (net)
                  0.17    0.00   11.89 ^ clkbuf_leaf_268_clk/A (sky130_fd_sc_hd__clkbuf_16)
    11    0.03    0.06    0.18   12.07 ^ clkbuf_leaf_268_clk/X (sky130_fd_sc_hd__clkbuf_16)
                                         clknet_leaf_268_clk (net)
                  0.06    0.00   12.07 ^ idex.ex2_pc[27]$_DFFE_PP_/CLK (sky130_fd_sc_hd__edfxtp_1)
                         -0.25   11.82   clock uncertainty
                          0.00   11.82   clock reconvergence pessimism
                         -0.30   11.51   library setup time
                                 11.51   data required time
-----------------------------------------------------------------------------
                                 11.51   data required time
                                -10.10   data arrival time
-----------------------------------------------------------------------------
                                  1.41   slack (MET)



==========================================================================
cts final report_check_types -max_slew -max_cap -max_fanout -violators
--------------------------------------------------------------------------

==========================================================================
cts final max_slew_check_slack
--------------------------------------------------------------------------
0.06247180700302124

==========================================================================
cts final max_slew_check_limit
--------------------------------------------------------------------------
1.5

==========================================================================
cts final max_slew_check_slack_limit
--------------------------------------------------------------------------
0.0416

==========================================================================
cts final max_fanout_check_slack
--------------------------------------------------------------------------
0.0

==========================================================================
cts final max_fanout_check_limit
--------------------------------------------------------------------------
20.0

==========================================================================
cts final max_fanout_check_slack_limit
--------------------------------------------------------------------------
0.0000

==========================================================================
cts final max_capacitance_check_slack
--------------------------------------------------------------------------
0.004600886255502701

==========================================================================
cts final max_capacitance_check_limit
--------------------------------------------------------------------------
0.05036399886012077

==========================================================================
cts final max_capacitance_check_slack_limit
--------------------------------------------------------------------------
0.0914

==========================================================================
cts final max_slew_violation_count
--------------------------------------------------------------------------
max slew violation count 0

==========================================================================
cts final max_fanout_violation_count
--------------------------------------------------------------------------
max fanout violation count 0

==========================================================================
cts final max_cap_violation_count
--------------------------------------------------------------------------
max cap violation count 0

==========================================================================
cts final setup_violation_count
--------------------------------------------------------------------------
setup violation count 0

==========================================================================
cts final hold_violation_count
--------------------------------------------------------------------------
hold violation count 0

==========================================================================
cts final report_checks -path_delay max reg to reg
--------------------------------------------------------------------------
Startpoint: memwb.wb1_valid$_SDFFE_PN0N_
            (rising edge-triggered flip-flop clocked by clk)
Endpoint: idex.ex2_pc[27]$_DFFE_PP_
          (rising edge-triggered flip-flop clocked by clk)
Path Group: clk
Path Type: max

  Delay    Time   Description
---------------------------------------------------------
   0.00    0.00   clock clk (rise edge)
   0.00    0.00   clock source latency
   0.00    0.00 ^ clk (in)
   0.26    0.26 ^ clkbuf_0_clk/X (sky130_fd_sc_hd__clkbuf_16)
   0.33    0.60 ^ clkbuf_2_1_0_clk/X (sky130_fd_sc_hd__clkbuf_16)
   0.30    0.90 ^ clkbuf_5_8__f_clk/X (sky130_fd_sc_hd__clkbuf_16)
   0.19    1.09 ^ clkbuf_leaf_275_clk/X (sky130_fd_sc_hd__clkbuf_16)
   0.00    1.09 ^ memwb.wb1_valid$_SDFFE_PN0N_/CLK (sky130_fd_sc_hd__dfxtp_1)
   0.83    1.92 ^ memwb.wb1_valid$_SDFFE_PN0N_/Q (sky130_fd_sc_hd__dfxtp_1)
   0.53    2.45 v _15215_/Y (sky130_fd_sc_hd__nand2_1)
   0.60    3.05 ^ _17383_/Y (sky130_fd_sc_hd__nor4_1)
   0.30    3.34 ^ _17384_/X (sky130_fd_sc_hd__and2_1)
   0.06    3.40 v _17434_/Y (sky130_fd_sc_hd__nor2_1)
   0.16    3.57 v place3839/X (sky130_fd_sc_hd__buf_4)
   0.20    3.77 v place3838/X (sky130_fd_sc_hd__buf_4)
   1.06    4.83 ^ _17677_/Y (sky130_fd_sc_hd__a222oi_1)
   0.27    5.10 ^ place3769/X (sky130_fd_sc_hd__buf_4)
   0.17    5.27 v _18212_/Y (sky130_fd_sc_hd__a21oi_1)
   0.34    5.61 ^ _29899_/SUM (sky130_fd_sc_hd__ha_1)
   0.16    5.77 v _22079_/Y (sky130_fd_sc_hd__nand4_1)
   0.56    6.32 ^ _22082_/Y (sky130_fd_sc_hd__nor4_1)
   0.24    6.56 ^ place3492/X (sky130_fd_sc_hd__buf_4)
   0.08    6.64 v _22136_/Y (sky130_fd_sc_hd__nand3_1)
   0.15    6.79 ^ _22137_/Y (sky130_fd_sc_hd__xnor2_1)
   0.05    6.84 v _22138_/Y (sky130_fd_sc_hd__nor2_1)
   0.41    7.26 ^ _22140_/Y (sky130_fd_sc_hd__o21ai_0)
   0.22    7.47 ^ _22142_/X (sky130_fd_sc_hd__o31a_1)
   0.23    7.70 ^ place3486/X (sky130_fd_sc_hd__buf_4)
   0.47    8.16 ^ _22296_/X (sky130_fd_sc_hd__mux2_2)
   0.14    8.30 v _25156_/Y (sky130_fd_sc_hd__nand3_1)
   0.21    8.51 v place3461/X (sky130_fd_sc_hd__buf_4)
   0.98    9.49 ^ _25158_/Y (sky130_fd_sc_hd__inv_1)
   0.31    9.80 ^ place3350/X (sky130_fd_sc_hd__buf_12)
   0.30   10.10 ^ place3347/X (sky130_fd_sc_hd__buf_4)
   0.00   10.10 ^ idex.ex2_pc[27]$_DFFE_PP_/DE (sky130_fd_sc_hd__edfxtp_1)
          10.10   data arrival time

  11.00   11.00   clock clk (rise edge)
   0.00   11.00   clock source latency
   0.00   11.00 ^ clk (in)
   0.26   11.26 ^ clkbuf_0_clk/X (sky130_fd_sc_hd__clkbuf_16)
   0.33   11.60 ^ clkbuf_2_1_0_clk/X (sky130_fd_sc_hd__clkbuf_16)
   0.29   11.88 ^ clkbuf_5_11__f_clk/X (sky130_fd_sc_hd__clkbuf_16)
   0.18   12.07 ^ clkbuf_leaf_268_clk/X (sky130_fd_sc_hd__clkbuf_16)
   0.00   12.07 ^ idex.ex2_pc[27]$_DFFE_PP_/CLK (sky130_fd_sc_hd__edfxtp_1)
  -0.25   11.82   clock uncertainty
   0.00   11.82   clock reconvergence pessimism
  -0.30   11.51   library setup time
          11.51   data required time
---------------------------------------------------------
          11.51   data required time
         -10.10   data arrival time
---------------------------------------------------------
           1.41   slack (MET)



==========================================================================
cts final report_checks -path_delay min reg to reg
--------------------------------------------------------------------------
Startpoint: ifid.id1_pc[23]$_SDFFE_PP0P_
            (rising edge-triggered flip-flop clocked by clk)
Endpoint: idex.ex1_pc[23]$_DFFE_PP_
          (rising edge-triggered flip-flop clocked by clk)
Path Group: clk
Path Type: min

  Delay    Time   Description
---------------------------------------------------------
   0.00    0.00   clock clk (rise edge)
   0.00    0.00   clock source latency
   0.00    0.00 ^ clk (in)
   0.26    0.26 ^ clkbuf_0_clk/X (sky130_fd_sc_hd__clkbuf_16)
   0.33    0.59 ^ clkbuf_2_0_0_clk/X (sky130_fd_sc_hd__clkbuf_16)
   0.28    0.87 ^ clkbuf_5_3__f_clk/X (sky130_fd_sc_hd__clkbuf_16)
   0.18    1.05 ^ clkbuf_leaf_305_clk/X (sky130_fd_sc_hd__clkbuf_16)
   0.00    1.05 ^ ifid.id1_pc[23]$_SDFFE_PP0P_/CLK (sky130_fd_sc_hd__dfxtp_1)
   0.33    1.38 ^ ifid.id1_pc[23]$_SDFFE_PP0P_/Q (sky130_fd_sc_hd__dfxtp_1)
   0.00    1.38 ^ idex.ex1_pc[23]$_DFFE_PP_/D (sky130_fd_sc_hd__edfxtp_1)
           1.38   data arrival time

   0.00    0.00   clock clk (rise edge)
   0.00    0.00   clock source latency
   0.00    0.00 ^ clk (in)
   0.26    0.26 ^ clkbuf_0_clk/X (sky130_fd_sc_hd__clkbuf_16)
   0.33    0.59 ^ clkbuf_2_0_0_clk/X (sky130_fd_sc_hd__clkbuf_16)
   0.28    0.87 ^ clkbuf_5_3__f_clk/X (sky130_fd_sc_hd__clkbuf_16)
   0.18    1.05 ^ clkbuf_leaf_305_clk/X (sky130_fd_sc_hd__clkbuf_16)
   0.00    1.05 ^ idex.ex1_pc[23]$_DFFE_PP_/CLK (sky130_fd_sc_hd__edfxtp_1)
   0.25    1.30   clock uncertainty
   0.00    1.30   clock reconvergence pessimism
  -0.11    1.19   library hold time
           1.19   data required time
---------------------------------------------------------
           1.19   data required time
          -1.38   data arrival time
---------------------------------------------------------
           0.19   slack (MET)



==========================================================================
cts final critical path target clock latency max path
--------------------------------------------------------------------------
1.0516

==========================================================================
cts final critical path target clock latency min path
--------------------------------------------------------------------------
1.0900

==========================================================================
cts final critical path source clock latency min path
--------------------------------------------------------------------------
0.0000

==========================================================================
cts final critical path delay
--------------------------------------------------------------------------
10.1009

==========================================================================
cts final critical path slack
--------------------------------------------------------------------------
1.4125

==========================================================================
cts final slack div critical path delay
--------------------------------------------------------------------------
13.983902

==========================================================================
cts final report_power
--------------------------------------------------------------------------
Group                  Internal  Switching    Leakage      Total
                          Power      Power      Power      Power (Watts)
----------------------------------------------------------------
Sequential             1.23e-02   6.59e-04   2.86e-08   1.30e-02  37.5%
Combinational          3.12e-03   6.13e-03   4.24e-08   9.25e-03  26.7%
Clock                  6.93e-03   5.49e-03   5.74e-09   1.24e-02  35.9%
Macro                  0.00e+00   0.00e+00   0.00e+00   0.00e+00   0.0%
Pad                    0.00e+00   0.00e+00   0.00e+00   0.00e+00   0.0%
----------------------------------------------------------------
Total                  2.24e-02   1.23e-02   7.67e-08   3.46e-02 100.0%
                          64.6%      35.4%       0.0%
