
==========================================================================
global route report_tns
--------------------------------------------------------------------------
tns max 0.00

==========================================================================
global route report_wns
--------------------------------------------------------------------------
wns max 0.00

==========================================================================
global route report_worst_slack
--------------------------------------------------------------------------
worst slack max 0.88

==========================================================================
global route report_clock_min_period
--------------------------------------------------------------------------
clk period_min = 10.12 fmax = 98.81

==========================================================================
global route report_clock_skew
--------------------------------------------------------------------------
Clock clk
   1.08 source latency idex.ex1_rs2_data[6]$_SDFFCE_PP0P_/CLK ^
  -1.00 target latency ifid.id2_pc[7]$_SDFFE_PP0N_/CLK ^
   0.25 clock uncertainty
   0.00 CRPR
--------------
   0.32 setup skew


==========================================================================
global route report_checks -path_delay min
--------------------------------------------------------------------------
Startpoint: ifid.id1_pc[18]$_SDFFE_PP0P_
            (rising edge-triggered flip-flop clocked by clk)
Endpoint: idex.ex1_pc[18]$_DFFE_PP_
          (rising edge-triggered flip-flop clocked by clk)
Path Group: clk
Path Type: min

Fanout     Cap    Slew   Delay    Time   Description
-----------------------------------------------------------------------------
                          0.00    0.00   clock clk (rise edge)
                          0.00    0.00   clock source latency
     2    0.14    0.00    0.00    0.00 ^ clk (in)
                                         clk (net)
                  0.01    0.01    0.01 ^ clkbuf_0_clk/A (sky130_fd_sc_hd__clkbuf_16)
     4    0.20    0.21    0.24    0.25 ^ clkbuf_0_clk/X (sky130_fd_sc_hd__clkbuf_16)
                                         clknet_0_clk (net)
                  0.21    0.01    0.26 ^ clkbuf_2_0_0_clk/A (sky130_fd_sc_hd__clkbuf_16)
     8    0.19    0.20    0.30    0.55 ^ clkbuf_2_0_0_clk/X (sky130_fd_sc_hd__clkbuf_16)
                                         clknet_2_0_0_clk (net)
                  0.20    0.01    0.56 ^ clkbuf_5_3__f_clk/A (sky130_fd_sc_hd__clkbuf_16)
     8    0.14    0.16    0.27    0.83 ^ clkbuf_5_3__f_clk/X (sky130_fd_sc_hd__clkbuf_16)
                                         clknet_5_3__leaf_clk (net)
                  0.16    0.00    0.83 ^ clkbuf_leaf_303_clk/A (sky130_fd_sc_hd__clkbuf_16)
    12    0.04    0.06    0.18    1.01 ^ clkbuf_leaf_303_clk/X (sky130_fd_sc_hd__clkbuf_16)
                                         clknet_leaf_303_clk (net)
                  0.06    0.00    1.01 ^ ifid.id1_pc[18]$_SDFFE_PP0P_/CLK (sky130_fd_sc_hd__dfxtp_1)
     2    0.01    0.08    0.33    1.35 ^ ifid.id1_pc[18]$_SDFFE_PP0P_/Q (sky130_fd_sc_hd__dfxtp_1)
                                         id1_pc[18] (net)
                  0.08    0.00    1.35 ^ idex.ex1_pc[18]$_DFFE_PP_/D (sky130_fd_sc_hd__edfxtp_1)
                                  1.35   data arrival time

                          0.00    0.00   clock clk (rise edge)
                          0.00    0.00   clock source latency
     2    0.14    0.00    0.00    0.00 ^ clk (in)
                                         clk (net)
                  0.01    0.01    0.01 ^ clkbuf_0_clk/A (sky130_fd_sc_hd__clkbuf_16)
     4    0.20    0.21    0.24    0.25 ^ clkbuf_0_clk/X (sky130_fd_sc_hd__clkbuf_16)
                                         clknet_0_clk (net)
                  0.21    0.01    0.26 ^ clkbuf_2_0_0_clk/A (sky130_fd_sc_hd__clkbuf_16)
     8    0.19    0.20    0.30    0.55 ^ clkbuf_2_0_0_clk/X (sky130_fd_sc_hd__clkbuf_16)
                                         clknet_2_0_0_clk (net)
                  0.20    0.01    0.56 ^ clkbuf_5_3__f_clk/A (sky130_fd_sc_hd__clkbuf_16)
     8    0.14    0.16    0.27    0.83 ^ clkbuf_5_3__f_clk/X (sky130_fd_sc_hd__clkbuf_16)
                                         clknet_5_3__leaf_clk (net)
                  0.16    0.00    0.83 ^ clkbuf_leaf_303_clk/A (sky130_fd_sc_hd__clkbuf_16)
    12    0.04    0.06    0.18    1.01 ^ clkbuf_leaf_303_clk/X (sky130_fd_sc_hd__clkbuf_16)
                                         clknet_leaf_303_clk (net)
                  0.06    0.00    1.01 ^ idex.ex1_pc[18]$_DFFE_PP_/CLK (sky130_fd_sc_hd__edfxtp_1)
                          0.25    1.26   clock uncertainty
                          0.00    1.26   clock reconvergence pessimism
                         -0.11    1.15   library hold time
                                  1.15   data required time
-----------------------------------------------------------------------------
                                  1.15   data required time
                                 -1.35   data arrival time
-----------------------------------------------------------------------------
                                  0.20   slack (MET)



==========================================================================
global route report_checks -path_delay max
--------------------------------------------------------------------------
Startpoint: memwb.wb1_valid$_SDFFE_PN0N_
            (rising edge-triggered flip-flop clocked by clk)
Endpoint: idex.ex2_rs1_data[25]$_SDFFCE_PP0P_
          (rising edge-triggered flip-flop clocked by clk)
Path Group: clk
Path Type: max

Fanout     Cap    Slew   Delay    Time   Description
-----------------------------------------------------------------------------
                          0.00    0.00   clock clk (rise edge)
                          0.00    0.00   clock source latency
     2    0.14    0.00    0.00    0.00 ^ clk (in)
                                         clk (net)
                  0.01    0.01    0.01 ^ clkbuf_0_clk/A (sky130_fd_sc_hd__clkbuf_16)
     4    0.20    0.21    0.24    0.25 ^ clkbuf_0_clk/X (sky130_fd_sc_hd__clkbuf_16)
                                         clknet_0_clk (net)
                  0.21    0.01    0.26 ^ clkbuf_2_1_0_clk/A (sky130_fd_sc_hd__clkbuf_16)
     8    0.20    0.21    0.31    0.56 ^ clkbuf_2_1_0_clk/X (sky130_fd_sc_hd__clkbuf_16)
                                         clknet_2_1_0_clk (net)
                  0.21    0.01    0.57 ^ clkbuf_5_8__f_clk/A (sky130_fd_sc_hd__clkbuf_16)
    12    0.17    0.18    0.29    0.85 ^ clkbuf_5_8__f_clk/X (sky130_fd_sc_hd__clkbuf_16)
                                         clknet_5_8__leaf_clk (net)
                  0.18    0.01    0.86 ^ clkbuf_leaf_275_clk/A (sky130_fd_sc_hd__clkbuf_16)
    11    0.04    0.06    0.19    1.05 ^ clkbuf_leaf_275_clk/X (sky130_fd_sc_hd__clkbuf_16)
                                         clknet_leaf_275_clk (net)
                  0.06    0.00    1.05 ^ memwb.wb1_valid$_SDFFE_PN0N_/CLK (sky130_fd_sc_hd__dfxtp_1)
    13    0.08    0.79    0.83    1.88 ^ memwb.wb1_valid$_SDFFE_PN0N_/Q (sky130_fd_sc_hd__dfxtp_1)
                                         fu.wb1_valid (net)
                  0.79    0.01    1.89 ^ _15215_/A (sky130_fd_sc_hd__nand2_1)
     7    0.05    0.46    0.54    2.43 v _15215_/Y (sky130_fd_sc_hd__nand2_1)
                                         _13613_ (net)
                  0.46    0.00    2.43 v _17383_/A (sky130_fd_sc_hd__nor4_1)
     4    0.01    0.55    0.63    3.06 ^ _17383_/Y (sky130_fd_sc_hd__nor4_1)
                                         _14819_ (net)
                  0.55    0.00    3.06 ^ _17384_/B (sky130_fd_sc_hd__and2_1)
     4    0.02    0.19    0.31    3.37 ^ _17384_/X (sky130_fd_sc_hd__and2_1)
                                         _14820_ (net)
                  0.19    0.00    3.37 ^ _17434_/B (sky130_fd_sc_hd__nor2_1)
     1    0.00    0.06    0.08    3.45 v _17434_/Y (sky130_fd_sc_hd__nor2_1)
                                         _14866_ (net)
                  0.06    0.00    3.45 v place3839/A (sky130_fd_sc_hd__buf_4)
     9    0.04    0.06    0.18    3.62 v place3839/X (sky130_fd_sc_hd__buf_4)
                                         net3838 (net)
                  0.06    0.00    3.63 v place3838/A (sky130_fd_sc_hd__buf_4)
    18    0.07    0.10    0.21    3.84 v place3838/X (sky130_fd_sc_hd__buf_4)
                                         net3837 (net)
                  0.10    0.01    3.85 v _17677_/B1 (sky130_fd_sc_hd__a222oi_1)
     1    0.04    1.31    1.07    4.91 ^ _17677_/Y (sky130_fd_sc_hd__a222oi_1)
                                         _04165_ (net)
                  1.31    0.01    4.92 ^ place3769/A (sky130_fd_sc_hd__buf_4)
     2    0.01    0.07    0.27    5.19 ^ place3769/X (sky130_fd_sc_hd__buf_4)
                                         net3768 (net)
                  0.07    0.00    5.19 ^ _18212_/A2 (sky130_fd_sc_hd__a21oi_1)
     2    0.02    0.19    0.17    5.36 v _18212_/Y (sky130_fd_sc_hd__a21oi_1)
                                         bu.rs1_data[24] (net)
                  0.19    0.00    5.36 v _29899_/B (sky130_fd_sc_hd__ha_1)
     1    0.00    0.06    0.34    5.70 ^ _29899_/SUM (sky130_fd_sc_hd__ha_1)
                                         _00244_ (net)
                  0.06    0.00    5.70 ^ _22079_/D (sky130_fd_sc_hd__nand4_1)
     2    0.01    0.18    0.18    5.89 v _22079_/Y (sky130_fd_sc_hd__nand4_1)
                                         _07845_ (net)
                  0.18    0.00    5.89 v _22082_/B (sky130_fd_sc_hd__nor4_1)
     1    0.01    0.62    0.61    6.50 ^ _22082_/Y (sky130_fd_sc_hd__nor4_1)
                                         _07848_ (net)
                  0.62    0.00    6.50 ^ place3492/A (sky130_fd_sc_hd__buf_4)
     3    0.02    0.07    0.25    6.75 ^ place3492/X (sky130_fd_sc_hd__buf_4)
                                         net3491 (net)
                  0.07    0.00    6.75 ^ _22136_/A (sky130_fd_sc_hd__nand3_1)
     1    0.01    0.12    0.09    6.85 v _22136_/Y (sky130_fd_sc_hd__nand3_1)
                                         _07902_ (net)
                  0.12    0.00    6.85 v _22137_/B (sky130_fd_sc_hd__xnor2_1)
     1    0.00    0.13    0.16    7.01 ^ _22137_/Y (sky130_fd_sc_hd__xnor2_1)
                                         _07903_ (net)
                  0.13    0.00    7.01 ^ _22138_/B (sky130_fd_sc_hd__nor2_1)
     1    0.00    0.12    0.06    7.07 v _22138_/Y (sky130_fd_sc_hd__nor2_1)
                                         _07904_ (net)
                  0.12    0.00    7.07 v _22140_/A2 (sky130_fd_sc_hd__o21ai_0)
     5    0.02    0.64    0.54    7.62 ^ _22140_/Y (sky130_fd_sc_hd__o21ai_0)
                                         _07906_ (net)
                  0.64    0.00    7.62 ^ _22142_/A3 (sky130_fd_sc_hd__o31a_1)
     1    0.01    0.10    0.23    7.85 ^ _22142_/X (sky130_fd_sc_hd__o31a_1)
                                         _07908_ (net)
                  0.10    0.00    7.85 ^ place3486/A (sky130_fd_sc_hd__buf_4)
    11    0.07    0.19    0.23    8.08 ^ place3486/X (sky130_fd_sc_hd__buf_4)
                                         net3485 (net)
                  0.19    0.01    8.09 ^ _22296_/S (sky130_fd_sc_hd__mux2_2)
    15    0.09    0.46    0.49    8.58 ^ _22296_/X (sky130_fd_sc_hd__mux2_2)
                                         _08028_ (net)
                  0.46    0.00    8.58 ^ _25156_/C (sky130_fd_sc_hd__nand3_1)
     1    0.01    0.12    0.17    8.75 v _25156_/Y (sky130_fd_sc_hd__nand3_1)
                                         _10592_ (net)
                  0.12    0.00    8.75 v place3461/A (sky130_fd_sc_hd__buf_4)
     9    0.06    0.08    0.22    8.97 v place3461/X (sky130_fd_sc_hd__buf_4)
                                         net3460 (net)
                  0.08    0.00    8.97 v _25158_/A (sky130_fd_sc_hd__inv_1)
    11    0.17    1.35    0.98    9.95 ^ _25158_/Y (sky130_fd_sc_hd__inv_1)
                                         _10594_ (net)
                  1.36    0.04    9.99 ^ place3369/A (sky130_fd_sc_hd__buf_12)
    18    0.11    0.15    0.27   10.26 ^ place3369/X (sky130_fd_sc_hd__buf_12)
                                         net3368 (net)
                  0.16    0.02   10.29 ^ place3368/A (sky130_fd_sc_hd__buf_4)
    18    0.09    0.26    0.30   10.59 ^ place3368/X (sky130_fd_sc_hd__buf_4)
                                         net3367 (net)
                  0.26    0.00   10.60 ^ idex.ex2_rs1_data[25]$_SDFFCE_PP0P_/DE (sky130_fd_sc_hd__edfxtp_1)
                                 10.60   data arrival time

                         11.00   11.00   clock clk (rise edge)
                          0.00   11.00   clock source latency
     2    0.14    0.00    0.00   11.00 ^ clk (in)
                                         clk (net)
                  0.01    0.01   11.01 ^ clkbuf_0_clk/A (sky130_fd_sc_hd__clkbuf_16)
     4    0.20    0.21    0.24   11.25 ^ clkbuf_0_clk/X (sky130_fd_sc_hd__clkbuf_16)
                                         clknet_0_clk (net)
                  0.21    0.01   11.26 ^ clkbuf_2_1_0_clk/A (sky130_fd_sc_hd__clkbuf_16)
     8    0.20    0.21    0.31   11.56 ^ clkbuf_2_1_0_clk/X (sky130_fd_sc_hd__clkbuf_16)
                                         clknet_2_1_0_clk (net)
                  0.21    0.01   11.57 ^ clkbuf_5_14__f_clk/A (sky130_fd_sc_hd__clkbuf_16)
     9    0.16    0.17    0.28   11.85 ^ clkbuf_5_14__f_clk/X (sky130_fd_sc_hd__clkbuf_16)
                                         clknet_5_14__leaf_clk (net)
                  0.17    0.00   11.85 ^ clkbuf_leaf_254_clk/A (sky130_fd_sc_hd__clkbuf_16)
     9    0.04    0.06    0.19   12.04 ^ clkbuf_leaf_254_clk/X (sky130_fd_sc_hd__clkbuf_16)
                                         clknet_leaf_254_clk (net)
                  0.06    0.00   12.04 ^ idex.ex2_rs1_data[25]$_SDFFCE_PP0P_/CLK (sky130_fd_sc_hd__edfxtp_1)
                         -0.25   11.79   clock uncertainty
                          0.00   11.79   clock reconvergence pessimism
                         -0.31   11.48   library setup time
                                 11.48   data required time
-----------------------------------------------------------------------------
                                 11.48   data required time
                                -10.60   data arrival time
-----------------------------------------------------------------------------
                                  0.88   slack (MET)



==========================================================================
global route report_checks -unconstrained
--------------------------------------------------------------------------
Startpoint: memwb.wb1_valid$_SDFFE_PN0N_
            (rising edge-triggered flip-flop clocked by clk)
Endpoint: idex.ex2_rs1_data[25]$_SDFFCE_PP0P_
          (rising edge-triggered flip-flop clocked by clk)
Path Group: clk
Path Type: max

Fanout     Cap    Slew   Delay    Time   Description
-----------------------------------------------------------------------------
                          0.00    0.00   clock clk (rise edge)
                          0.00    0.00   clock source latency
     2    0.14    0.00    0.00    0.00 ^ clk (in)
                                         clk (net)
                  0.01    0.01    0.01 ^ clkbuf_0_clk/A (sky130_fd_sc_hd__clkbuf_16)
     4    0.20    0.21    0.24    0.25 ^ clkbuf_0_clk/X (sky130_fd_sc_hd__clkbuf_16)
                                         clknet_0_clk (net)
                  0.21    0.01    0.26 ^ clkbuf_2_1_0_clk/A (sky130_fd_sc_hd__clkbuf_16)
     8    0.20    0.21    0.31    0.56 ^ clkbuf_2_1_0_clk/X (sky130_fd_sc_hd__clkbuf_16)
                                         clknet_2_1_0_clk (net)
                  0.21    0.01    0.57 ^ clkbuf_5_8__f_clk/A (sky130_fd_sc_hd__clkbuf_16)
    12    0.17    0.18    0.29    0.85 ^ clkbuf_5_8__f_clk/X (sky130_fd_sc_hd__clkbuf_16)
                                         clknet_5_8__leaf_clk (net)
                  0.18    0.01    0.86 ^ clkbuf_leaf_275_clk/A (sky130_fd_sc_hd__clkbuf_16)
    11    0.04    0.06    0.19    1.05 ^ clkbuf_leaf_275_clk/X (sky130_fd_sc_hd__clkbuf_16)
                                         clknet_leaf_275_clk (net)
                  0.06    0.00    1.05 ^ memwb.wb1_valid$_SDFFE_PN0N_/CLK (sky130_fd_sc_hd__dfxtp_1)
    13    0.08    0.79    0.83    1.88 ^ memwb.wb1_valid$_SDFFE_PN0N_/Q (sky130_fd_sc_hd__dfxtp_1)
                                         fu.wb1_valid (net)
                  0.79    0.01    1.89 ^ _15215_/A (sky130_fd_sc_hd__nand2_1)
     7    0.05    0.46    0.54    2.43 v _15215_/Y (sky130_fd_sc_hd__nand2_1)
                                         _13613_ (net)
                  0.46    0.00    2.43 v _17383_/A (sky130_fd_sc_hd__nor4_1)
     4    0.01    0.55    0.63    3.06 ^ _17383_/Y (sky130_fd_sc_hd__nor4_1)
                                         _14819_ (net)
                  0.55    0.00    3.06 ^ _17384_/B (sky130_fd_sc_hd__and2_1)
     4    0.02    0.19    0.31    3.37 ^ _17384_/X (sky130_fd_sc_hd__and2_1)
                                         _14820_ (net)
                  0.19    0.00    3.37 ^ _17434_/B (sky130_fd_sc_hd__nor2_1)
     1    0.00    0.06    0.08    3.45 v _17434_/Y (sky130_fd_sc_hd__nor2_1)
                                         _14866_ (net)
                  0.06    0.00    3.45 v place3839/A (sky130_fd_sc_hd__buf_4)
     9    0.04    0.06    0.18    3.62 v place3839/X (sky130_fd_sc_hd__buf_4)
                                         net3838 (net)
                  0.06    0.00    3.63 v place3838/A (sky130_fd_sc_hd__buf_4)
    18    0.07    0.10    0.21    3.84 v place3838/X (sky130_fd_sc_hd__buf_4)
                                         net3837 (net)
                  0.10    0.01    3.85 v _17677_/B1 (sky130_fd_sc_hd__a222oi_1)
     1    0.04    1.31    1.07    4.91 ^ _17677_/Y (sky130_fd_sc_hd__a222oi_1)
                                         _04165_ (net)
                  1.31    0.01    4.92 ^ place3769/A (sky130_fd_sc_hd__buf_4)
     2    0.01    0.07    0.27    5.19 ^ place3769/X (sky130_fd_sc_hd__buf_4)
                                         net3768 (net)
                  0.07    0.00    5.19 ^ _18212_/A2 (sky130_fd_sc_hd__a21oi_1)
     2    0.02    0.19    0.17    5.36 v _18212_/Y (sky130_fd_sc_hd__a21oi_1)
                                         bu.rs1_data[24] (net)
                  0.19    0.00    5.36 v _29899_/B (sky130_fd_sc_hd__ha_1)
     1    0.00    0.06    0.34    5.70 ^ _29899_/SUM (sky130_fd_sc_hd__ha_1)
                                         _00244_ (net)
                  0.06    0.00    5.70 ^ _22079_/D (sky130_fd_sc_hd__nand4_1)
     2    0.01    0.18    0.18    5.89 v _22079_/Y (sky130_fd_sc_hd__nand4_1)
                                         _07845_ (net)
                  0.18    0.00    5.89 v _22082_/B (sky130_fd_sc_hd__nor4_1)
     1    0.01    0.62    0.61    6.50 ^ _22082_/Y (sky130_fd_sc_hd__nor4_1)
                                         _07848_ (net)
                  0.62    0.00    6.50 ^ place3492/A (sky130_fd_sc_hd__buf_4)
     3    0.02    0.07    0.25    6.75 ^ place3492/X (sky130_fd_sc_hd__buf_4)
                                         net3491 (net)
                  0.07    0.00    6.75 ^ _22136_/A (sky130_fd_sc_hd__nand3_1)
     1    0.01    0.12    0.09    6.85 v _22136_/Y (sky130_fd_sc_hd__nand3_1)
                                         _07902_ (net)
                  0.12    0.00    6.85 v _22137_/B (sky130_fd_sc_hd__xnor2_1)
     1    0.00    0.13    0.16    7.01 ^ _22137_/Y (sky130_fd_sc_hd__xnor2_1)
                                         _07903_ (net)
                  0.13    0.00    7.01 ^ _22138_/B (sky130_fd_sc_hd__nor2_1)
     1    0.00    0.12    0.06    7.07 v _22138_/Y (sky130_fd_sc_hd__nor2_1)
                                         _07904_ (net)
                  0.12    0.00    7.07 v _22140_/A2 (sky130_fd_sc_hd__o21ai_0)
     5    0.02    0.64    0.54    7.62 ^ _22140_/Y (sky130_fd_sc_hd__o21ai_0)
                                         _07906_ (net)
                  0.64    0.00    7.62 ^ _22142_/A3 (sky130_fd_sc_hd__o31a_1)
     1    0.01    0.10    0.23    7.85 ^ _22142_/X (sky130_fd_sc_hd__o31a_1)
                                         _07908_ (net)
                  0.10    0.00    7.85 ^ place3486/A (sky130_fd_sc_hd__buf_4)
    11    0.07    0.19    0.23    8.08 ^ place3486/X (sky130_fd_sc_hd__buf_4)
                                         net3485 (net)
                  0.19    0.01    8.09 ^ _22296_/S (sky130_fd_sc_hd__mux2_2)
    15    0.09    0.46    0.49    8.58 ^ _22296_/X (sky130_fd_sc_hd__mux2_2)
                                         _08028_ (net)
                  0.46    0.00    8.58 ^ _25156_/C (sky130_fd_sc_hd__nand3_1)
     1    0.01    0.12    0.17    8.75 v _25156_/Y (sky130_fd_sc_hd__nand3_1)
                                         _10592_ (net)
                  0.12    0.00    8.75 v place3461/A (sky130_fd_sc_hd__buf_4)
     9    0.06    0.08    0.22    8.97 v place3461/X (sky130_fd_sc_hd__buf_4)
                                         net3460 (net)
                  0.08    0.00    8.97 v _25158_/A (sky130_fd_sc_hd__inv_1)
    11    0.17    1.35    0.98    9.95 ^ _25158_/Y (sky130_fd_sc_hd__inv_1)
                                         _10594_ (net)
                  1.36    0.04    9.99 ^ place3369/A (sky130_fd_sc_hd__buf_12)
    18    0.11    0.15    0.27   10.26 ^ place3369/X (sky130_fd_sc_hd__buf_12)
                                         net3368 (net)
                  0.16    0.02   10.29 ^ place3368/A (sky130_fd_sc_hd__buf_4)
    18    0.09    0.26    0.30   10.59 ^ place3368/X (sky130_fd_sc_hd__buf_4)
                                         net3367 (net)
                  0.26    0.00   10.60 ^ idex.ex2_rs1_data[25]$_SDFFCE_PP0P_/DE (sky130_fd_sc_hd__edfxtp_1)
                                 10.60   data arrival time

                         11.00   11.00   clock clk (rise edge)
                          0.00   11.00   clock source latency
     2    0.14    0.00    0.00   11.00 ^ clk (in)
                                         clk (net)
                  0.01    0.01   11.01 ^ clkbuf_0_clk/A (sky130_fd_sc_hd__clkbuf_16)
     4    0.20    0.21    0.24   11.25 ^ clkbuf_0_clk/X (sky130_fd_sc_hd__clkbuf_16)
                                         clknet_0_clk (net)
                  0.21    0.01   11.26 ^ clkbuf_2_1_0_clk/A (sky130_fd_sc_hd__clkbuf_16)
     8    0.20    0.21    0.31   11.56 ^ clkbuf_2_1_0_clk/X (sky130_fd_sc_hd__clkbuf_16)
                                         clknet_2_1_0_clk (net)
                  0.21    0.01   11.57 ^ clkbuf_5_14__f_clk/A (sky130_fd_sc_hd__clkbuf_16)
     9    0.16    0.17    0.28   11.85 ^ clkbuf_5_14__f_clk/X (sky130_fd_sc_hd__clkbuf_16)
                                         clknet_5_14__leaf_clk (net)
                  0.17    0.00   11.85 ^ clkbuf_leaf_254_clk/A (sky130_fd_sc_hd__clkbuf_16)
     9    0.04    0.06    0.19   12.04 ^ clkbuf_leaf_254_clk/X (sky130_fd_sc_hd__clkbuf_16)
                                         clknet_leaf_254_clk (net)
                  0.06    0.00   12.04 ^ idex.ex2_rs1_data[25]$_SDFFCE_PP0P_/CLK (sky130_fd_sc_hd__edfxtp_1)
                         -0.25   11.79   clock uncertainty
                          0.00   11.79   clock reconvergence pessimism
                         -0.31   11.48   library setup time
                                 11.48   data required time
-----------------------------------------------------------------------------
                                 11.48   data required time
                                -10.60   data arrival time
-----------------------------------------------------------------------------
                                  0.88   slack (MET)



==========================================================================
global route report_check_types -max_slew -max_cap -max_fanout -violators
--------------------------------------------------------------------------

==========================================================================
global route max_slew_check_slack
--------------------------------------------------------------------------
0.009352963417768478

==========================================================================
global route max_slew_check_limit
--------------------------------------------------------------------------
1.5

==========================================================================
global route max_slew_check_slack_limit
--------------------------------------------------------------------------
0.0062

==========================================================================
global route max_fanout_check_slack
--------------------------------------------------------------------------
0.0

==========================================================================
global route max_fanout_check_limit
--------------------------------------------------------------------------
20.0

==========================================================================
global route max_fanout_check_slack_limit
--------------------------------------------------------------------------
0.0000

==========================================================================
global route max_capacitance_check_slack
--------------------------------------------------------------------------
0.0011225728085264564

==========================================================================
global route max_capacitance_check_limit
--------------------------------------------------------------------------
0.052195001393556595

==========================================================================
global route max_capacitance_check_slack_limit
--------------------------------------------------------------------------
0.0215

==========================================================================
global route max_slew_violation_count
--------------------------------------------------------------------------
max slew violation count 0

==========================================================================
global route max_fanout_violation_count
--------------------------------------------------------------------------
max fanout violation count 0

==========================================================================
global route max_cap_violation_count
--------------------------------------------------------------------------
max cap violation count 0

==========================================================================
global route setup_violation_count
--------------------------------------------------------------------------
setup violation count 0

==========================================================================
global route hold_violation_count
--------------------------------------------------------------------------
hold violation count 0

==========================================================================
global route report_checks -path_delay max reg to reg
--------------------------------------------------------------------------
Startpoint: memwb.wb1_valid$_SDFFE_PN0N_
            (rising edge-triggered flip-flop clocked by clk)
Endpoint: idex.ex2_rs1_data[25]$_SDFFCE_PP0P_
          (rising edge-triggered flip-flop clocked by clk)
Path Group: clk
Path Type: max

  Delay    Time   Description
---------------------------------------------------------
   0.00    0.00   clock clk (rise edge)
   0.00    0.00   clock source latency
   0.00    0.00 ^ clk (in)
   0.25    0.25 ^ clkbuf_0_clk/X (sky130_fd_sc_hd__clkbuf_16)
   0.31    0.56 ^ clkbuf_2_1_0_clk/X (sky130_fd_sc_hd__clkbuf_16)
   0.29    0.85 ^ clkbuf_5_8__f_clk/X (sky130_fd_sc_hd__clkbuf_16)
   0.20    1.05 ^ clkbuf_leaf_275_clk/X (sky130_fd_sc_hd__clkbuf_16)
   0.00    1.05 ^ memwb.wb1_valid$_SDFFE_PN0N_/CLK (sky130_fd_sc_hd__dfxtp_1)
   0.83    1.88 ^ memwb.wb1_valid$_SDFFE_PN0N_/Q (sky130_fd_sc_hd__dfxtp_1)
   0.54    2.43 v _15215_/Y (sky130_fd_sc_hd__nand2_1)
   0.63    3.06 ^ _17383_/Y (sky130_fd_sc_hd__nor4_1)
   0.31    3.37 ^ _17384_/X (sky130_fd_sc_hd__and2_1)
   0.08    3.45 v _17434_/Y (sky130_fd_sc_hd__nor2_1)
   0.18    3.62 v place3839/X (sky130_fd_sc_hd__buf_4)
   0.21    3.84 v place3838/X (sky130_fd_sc_hd__buf_4)
   1.08    4.91 ^ _17677_/Y (sky130_fd_sc_hd__a222oi_1)
   0.28    5.19 ^ place3769/X (sky130_fd_sc_hd__buf_4)
   0.17    5.36 v _18212_/Y (sky130_fd_sc_hd__a21oi_1)
   0.35    5.70 ^ _29899_/SUM (sky130_fd_sc_hd__ha_1)
   0.18    5.89 v _22079_/Y (sky130_fd_sc_hd__nand4_1)
   0.61    6.50 ^ _22082_/Y (sky130_fd_sc_hd__nor4_1)
   0.25    6.75 ^ place3492/X (sky130_fd_sc_hd__buf_4)
   0.09    6.85 v _22136_/Y (sky130_fd_sc_hd__nand3_1)
   0.16    7.01 ^ _22137_/Y (sky130_fd_sc_hd__xnor2_1)
   0.06    7.07 v _22138_/Y (sky130_fd_sc_hd__nor2_1)
   0.54    7.62 ^ _22140_/Y (sky130_fd_sc_hd__o21ai_0)
   0.23    7.85 ^ _22142_/X (sky130_fd_sc_hd__o31a_1)
   0.23    8.08 ^ place3486/X (sky130_fd_sc_hd__buf_4)
   0.50    8.58 ^ _22296_/X (sky130_fd_sc_hd__mux2_2)
   0.17    8.75 v _25156_/Y (sky130_fd_sc_hd__nand3_1)
   0.22    8.97 v place3461/X (sky130_fd_sc_hd__buf_4)
   0.98    9.95 ^ _25158_/Y (sky130_fd_sc_hd__inv_1)
   0.31   10.26 ^ place3369/X (sky130_fd_sc_hd__buf_12)
   0.33   10.59 ^ place3368/X (sky130_fd_sc_hd__buf_4)
   0.00   10.60 ^ idex.ex2_rs1_data[25]$_SDFFCE_PP0P_/DE (sky130_fd_sc_hd__edfxtp_1)
          10.60   data arrival time

  11.00   11.00   clock clk (rise edge)
   0.00   11.00   clock source latency
   0.00   11.00 ^ clk (in)
   0.25   11.25 ^ clkbuf_0_clk/X (sky130_fd_sc_hd__clkbuf_16)
   0.31   11.56 ^ clkbuf_2_1_0_clk/X (sky130_fd_sc_hd__clkbuf_16)
   0.29   11.85 ^ clkbuf_5_14__f_clk/X (sky130_fd_sc_hd__clkbuf_16)
   0.19   12.04 ^ clkbuf_leaf_254_clk/X (sky130_fd_sc_hd__clkbuf_16)
   0.00   12.04 ^ idex.ex2_rs1_data[25]$_SDFFCE_PP0P_/CLK (sky130_fd_sc_hd__edfxtp_1)
  -0.25   11.79   clock uncertainty
   0.00   11.79   clock reconvergence pessimism
  -0.31   11.48   library setup time
          11.48   data required time
---------------------------------------------------------
          11.48   data required time
         -10.60   data arrival time
---------------------------------------------------------
           0.88   slack (MET)



==========================================================================
global route report_checks -path_delay min reg to reg
--------------------------------------------------------------------------
Startpoint: ifid.id1_pc[18]$_SDFFE_PP0P_
            (rising edge-triggered flip-flop clocked by clk)
Endpoint: idex.ex1_pc[18]$_DFFE_PP_
          (rising edge-triggered flip-flop clocked by clk)
Path Group: clk
Path Type: min

  Delay    Time   Description
---------------------------------------------------------
   0.00    0.00   clock clk (rise edge)
   0.00    0.00   clock source latency
   0.00    0.00 ^ clk (in)
   0.25    0.25 ^ clkbuf_0_clk/X (sky130_fd_sc_hd__clkbuf_16)
   0.31    0.55 ^ clkbuf_2_0_0_clk/X (sky130_fd_sc_hd__clkbuf_16)
   0.27    0.83 ^ clkbuf_5_3__f_clk/X (sky130_fd_sc_hd__clkbuf_16)
   0.18    1.01 ^ clkbuf_leaf_303_clk/X (sky130_fd_sc_hd__clkbuf_16)
   0.00    1.01 ^ ifid.id1_pc[18]$_SDFFE_PP0P_/CLK (sky130_fd_sc_hd__dfxtp_1)
   0.33    1.35 ^ ifid.id1_pc[18]$_SDFFE_PP0P_/Q (sky130_fd_sc_hd__dfxtp_1)
   0.00    1.35 ^ idex.ex1_pc[18]$_DFFE_PP_/D (sky130_fd_sc_hd__edfxtp_1)
           1.35   data arrival time

   0.00    0.00   clock clk (rise edge)
   0.00    0.00   clock source latency
   0.00    0.00 ^ clk (in)
   0.25    0.25 ^ clkbuf_0_clk/X (sky130_fd_sc_hd__clkbuf_16)
   0.31    0.55 ^ clkbuf_2_0_0_clk/X (sky130_fd_sc_hd__clkbuf_16)
   0.27    0.83 ^ clkbuf_5_3__f_clk/X (sky130_fd_sc_hd__clkbuf_16)
   0.18    1.01 ^ clkbuf_leaf_303_clk/X (sky130_fd_sc_hd__clkbuf_16)
   0.00    1.01 ^ idex.ex1_pc[18]$_DFFE_PP_/CLK (sky130_fd_sc_hd__edfxtp_1)
   0.25    1.26   clock uncertainty
   0.00    1.26   clock reconvergence pessimism
  -0.11    1.15   library hold time
           1.15   data required time
---------------------------------------------------------
           1.15   data required time
          -1.35   data arrival time
---------------------------------------------------------
           0.20   slack (MET)



==========================================================================
global route critical path target clock latency max path
--------------------------------------------------------------------------
1.0143

==========================================================================
global route critical path target clock latency min path
--------------------------------------------------------------------------
1.0486

==========================================================================
global route critical path source clock latency min path
--------------------------------------------------------------------------
0.0000

==========================================================================
global route critical path delay
--------------------------------------------------------------------------
10.5971

==========================================================================
global route critical path slack
--------------------------------------------------------------------------
0.8801

==========================================================================
global route slack div critical path delay
--------------------------------------------------------------------------
8.305102

==========================================================================
global route report_power
--------------------------------------------------------------------------
Group                  Internal  Switching    Leakage      Total
                          Power      Power      Power      Power (Watts)
----------------------------------------------------------------
Sequential             1.23e-02   7.10e-04   2.86e-08   1.30e-02  36.7%
Combinational          3.13e-03   6.56e-03   4.24e-08   9.69e-03  27.3%
Clock                  6.95e-03   5.80e-03   5.74e-09   1.28e-02  36.0%
Macro                  0.00e+00   0.00e+00   0.00e+00   0.00e+00   0.0%
Pad                    0.00e+00   0.00e+00   0.00e+00   0.00e+00   0.0%
----------------------------------------------------------------
Total                  2.24e-02   1.31e-02   7.67e-08   3.55e-02 100.0%
                          63.2%      36.8%       0.0%
