
==========================================================================
detailed place report_tns
--------------------------------------------------------------------------
tns max 0.00

==========================================================================
detailed place report_wns
--------------------------------------------------------------------------
wns max 0.00

==========================================================================
detailed place report_worst_slack
--------------------------------------------------------------------------
worst slack max 6.54

==========================================================================
detailed place report_clock_min_period
--------------------------------------------------------------------------
clk period_min = 10.46 fmax = 95.57

==========================================================================
detailed place report_checks -path_delay min
--------------------------------------------------------------------------
Startpoint: ifid.id1_pc[27]$_SDFFE_PP0P_
            (rising edge-triggered flip-flop clocked by clk)
Endpoint: idex.ex1_pc[27]$_DFFE_PP_
          (rising edge-triggered flip-flop clocked by clk)
Path Group: clk
Path Type: min

Fanout     Cap    Slew   Delay    Time   Description
-----------------------------------------------------------------------------
                  0.00    0.00    0.00   clock clk (rise edge)
                          0.00    0.00   clock network delay (ideal)
                  0.00    0.00    0.00 ^ ifid.id1_pc[27]$_SDFFE_PP0P_/CLK (sky130_fd_sc_hd__dfxtp_1)
     2    0.01    0.07    0.30    0.30 ^ ifid.id1_pc[27]$_SDFFE_PP0P_/Q (sky130_fd_sc_hd__dfxtp_1)
                                         id1_pc[27] (net)
                  0.07    0.00    0.30 ^ idex.ex1_pc[27]$_DFFE_PP_/D (sky130_fd_sc_hd__edfxtp_1)
                                  0.30   data arrival time

                  0.00    0.00    0.00   clock clk (rise edge)
                          0.00    0.00   clock network delay (ideal)
                          0.25    0.25   clock uncertainty
                          0.00    0.25   clock reconvergence pessimism
                                  0.25 ^ idex.ex1_pc[27]$_DFFE_PP_/CLK (sky130_fd_sc_hd__edfxtp_1)
                         -0.12    0.13   library hold time
                                  0.13   data required time
-----------------------------------------------------------------------------
                                  0.13   data required time
                                 -0.30   data arrival time
-----------------------------------------------------------------------------
                                  0.17   slack (MET)



==========================================================================
detailed place report_checks -path_delay max
--------------------------------------------------------------------------
Startpoint: exmem.mem2_valid$_SDFFE_PN0N_
            (rising edge-triggered flip-flop clocked by clk)
Endpoint: idex.ex2_rs1_data[17]$_SDFFCE_PP0P_
          (rising edge-triggered flip-flop clocked by clk)
Path Group: clk
Path Type: max

Fanout     Cap    Slew   Delay    Time   Description
-----------------------------------------------------------------------------
                  0.00    0.00    0.00   clock clk (rise edge)
                          0.00    0.00   clock network delay (ideal)
                  0.00    0.00    0.00 ^ exmem.mem2_valid$_SDFFE_PN0N_/CLK (sky130_fd_sc_hd__dfxtp_1)
     9    0.03    0.28    0.46    0.46 ^ exmem.mem2_valid$_SDFFE_PN0N_/Q (sky130_fd_sc_hd__dfxtp_1)
                                         exmem.mem2_valid (net)
                  0.28    0.00    0.46 ^ _16705_/B (sky130_fd_sc_hd__and3b_1)
     3    0.04    0.35    0.43    0.88 ^ _16705_/X (sky130_fd_sc_hd__and3b_1)
                                         _14234_ (net)
                  0.35    0.00    0.89 ^ _17354_/B1 (sky130_fd_sc_hd__o211ai_1)
     4    0.01    0.16    0.22    1.10 v _17354_/Y (sky130_fd_sc_hd__o211ai_1)
                                         _14790_ (net)
                  0.16    0.00    1.10 v _17428_/A (sky130_fd_sc_hd__nor2_1)
    19    0.07    1.15    0.92    2.02 ^ _17428_/Y (sky130_fd_sc_hd__nor2_1)
                                         _14860_ (net)
                  1.15    0.00    2.02 ^ _17434_/A (sky130_fd_sc_hd__nor2_1)
     9    0.03    0.33    0.39    2.41 v _17434_/Y (sky130_fd_sc_hd__nor2_1)
                                         _14866_ (net)
                  0.33    0.00    2.41 v place3043/A (sky130_fd_sc_hd__buf_4)
    18    0.08    0.11    0.33    2.74 v place3043/X (sky130_fd_sc_hd__buf_4)
                                         net3042 (net)
                  0.11    0.01    2.75 v _17438_/B2 (sky130_fd_sc_hd__a222oi_1)
     2    0.03    0.95    0.84    3.58 ^ _17438_/Y (sky130_fd_sc_hd__a222oi_1)
                                         _14870_ (net)
                  0.95    0.00    3.59 ^ _18203_/A2 (sky130_fd_sc_hd__a21oi_1)
     2    0.02    0.26    0.34    3.93 v _18203_/Y (sky130_fd_sc_hd__a21oi_1)
                                         bu.rs1_data[29] (net)
                  0.26    0.00    3.93 v _29996_/B (sky130_fd_sc_hd__ha_1)
     2    0.01    0.07    0.38    4.31 ^ _29996_/SUM (sky130_fd_sc_hd__ha_1)
                                         _00451_ (net)
                  0.07    0.00    4.31 ^ _22078_/C (sky130_fd_sc_hd__nand4_1)
     3    0.01    0.18    0.17    4.49 v _22078_/Y (sky130_fd_sc_hd__nand4_1)
                                         _07844_ (net)
                  0.18    0.00    4.49 v _22082_/A (sky130_fd_sc_hd__nor4_1)
     3    0.02    0.93    0.85    5.34 ^ _22082_/Y (sky130_fd_sc_hd__nor4_1)
                                         _07848_ (net)
                  0.93    0.00    5.34 ^ _22136_/A (sky130_fd_sc_hd__nand3_1)
     1    0.01    0.21    0.21    5.55 v _22136_/Y (sky130_fd_sc_hd__nand3_1)
                                         _07902_ (net)
                  0.21    0.00    5.55 v _22137_/B (sky130_fd_sc_hd__xnor2_1)
     1    0.00    0.15    0.22    5.77 ^ _22137_/Y (sky130_fd_sc_hd__xnor2_1)
                                         _07903_ (net)
                  0.15    0.00    5.77 ^ _22138_/B (sky130_fd_sc_hd__nor2_1)
     1    0.01    0.12    0.09    5.86 v _22138_/Y (sky130_fd_sc_hd__nor2_1)
                                         _07904_ (net)
                  0.12    0.00    5.86 v _22140_/A2 (sky130_fd_sc_hd__o21ai_0)
     5    0.02    0.55    0.48    6.34 ^ _22140_/Y (sky130_fd_sc_hd__o21ai_0)
                                         _07906_ (net)
                  0.55    0.00    6.34 ^ _22142_/A3 (sky130_fd_sc_hd__o31a_1)
     6    0.03    0.32    0.38    6.72 ^ _22142_/X (sky130_fd_sc_hd__o31a_1)
                                         _07908_ (net)
                  0.32    0.00    6.72 ^ _22296_/S (sky130_fd_sc_hd__mux2_2)
    15    0.08    0.41    0.50    7.22 ^ _22296_/X (sky130_fd_sc_hd__mux2_2)
                                         _08028_ (net)
                  0.41    0.00    7.22 ^ _25156_/C (sky130_fd_sc_hd__nand3_1)
     2    0.01    0.13    0.16    7.38 v _25156_/Y (sky130_fd_sc_hd__nand3_1)
                                         _10592_ (net)
                  0.13    0.00    7.38 v _25158_/A (sky130_fd_sc_hd__inv_1)
    20    0.12    0.96    0.73    8.11 ^ _25158_/Y (sky130_fd_sc_hd__inv_1)
                                         _10594_ (net)
                  0.96    0.01    8.12 ^ place2587/A (sky130_fd_sc_hd__buf_4)
    19    0.14    0.39    0.49    8.61 ^ place2587/X (sky130_fd_sc_hd__buf_4)
                                         net2586 (net)
                  0.40    0.04    8.65 ^ place2586/A (sky130_fd_sc_hd__buf_4)
    19    0.10    0.26    0.36    9.01 ^ place2586/X (sky130_fd_sc_hd__buf_4)
                                         net2585 (net)
                  0.26    0.01    9.01 ^ place2585/A (sky130_fd_sc_hd__buf_4)
    16    0.08    0.21    0.30    9.31 ^ place2585/X (sky130_fd_sc_hd__buf_4)
                                         net2584 (net)
                  0.21    0.00    9.32 ^ place2584/A (sky130_fd_sc_hd__buf_4)
    16    0.07    0.21    0.28    9.60 ^ place2584/X (sky130_fd_sc_hd__buf_4)
                                         net2583 (net)
                  0.21    0.00    9.60 ^ place2583/A (sky130_fd_sc_hd__buf_4)
    16    0.08    0.21    0.29    9.89 ^ place2583/X (sky130_fd_sc_hd__buf_4)
                                         net2582 (net)
                  0.21    0.00    9.89 ^ idex.ex2_rs1_data[17]$_SDFFCE_PP0P_/DE (sky130_fd_sc_hd__edfxtp_1)
                                  9.89   data arrival time

                  0.00   17.00   17.00   clock clk (rise edge)
                          0.00   17.00   clock network delay (ideal)
                         -0.25   16.75   clock uncertainty
                          0.00   16.75   clock reconvergence pessimism
                                 16.75 ^ idex.ex2_rs1_data[17]$_SDFFCE_PP0P_/CLK (sky130_fd_sc_hd__edfxtp_1)
                         -0.32   16.43   library setup time
                                 16.43   data required time
-----------------------------------------------------------------------------
                                 16.43   data required time
                                 -9.89   data arrival time
-----------------------------------------------------------------------------
                                  6.54   slack (MET)



==========================================================================
detailed place report_checks -unconstrained
--------------------------------------------------------------------------
Startpoint: exmem.mem2_valid$_SDFFE_PN0N_
            (rising edge-triggered flip-flop clocked by clk)
Endpoint: idex.ex2_rs1_data[17]$_SDFFCE_PP0P_
          (rising edge-triggered flip-flop clocked by clk)
Path Group: clk
Path Type: max

Fanout     Cap    Slew   Delay    Time   Description
-----------------------------------------------------------------------------
                  0.00    0.00    0.00   clock clk (rise edge)
                          0.00    0.00   clock network delay (ideal)
                  0.00    0.00    0.00 ^ exmem.mem2_valid$_SDFFE_PN0N_/CLK (sky130_fd_sc_hd__dfxtp_1)
     9    0.03    0.28    0.46    0.46 ^ exmem.mem2_valid$_SDFFE_PN0N_/Q (sky130_fd_sc_hd__dfxtp_1)
                                         exmem.mem2_valid (net)
                  0.28    0.00    0.46 ^ _16705_/B (sky130_fd_sc_hd__and3b_1)
     3    0.04    0.35    0.43    0.88 ^ _16705_/X (sky130_fd_sc_hd__and3b_1)
                                         _14234_ (net)
                  0.35    0.00    0.89 ^ _17354_/B1 (sky130_fd_sc_hd__o211ai_1)
     4    0.01    0.16    0.22    1.10 v _17354_/Y (sky130_fd_sc_hd__o211ai_1)
                                         _14790_ (net)
                  0.16    0.00    1.10 v _17428_/A (sky130_fd_sc_hd__nor2_1)
    19    0.07    1.15    0.92    2.02 ^ _17428_/Y (sky130_fd_sc_hd__nor2_1)
                                         _14860_ (net)
                  1.15    0.00    2.02 ^ _17434_/A (sky130_fd_sc_hd__nor2_1)
     9    0.03    0.33    0.39    2.41 v _17434_/Y (sky130_fd_sc_hd__nor2_1)
                                         _14866_ (net)
                  0.33    0.00    2.41 v place3043/A (sky130_fd_sc_hd__buf_4)
    18    0.08    0.11    0.33    2.74 v place3043/X (sky130_fd_sc_hd__buf_4)
                                         net3042 (net)
                  0.11    0.01    2.75 v _17438_/B2 (sky130_fd_sc_hd__a222oi_1)
     2    0.03    0.95    0.84    3.58 ^ _17438_/Y (sky130_fd_sc_hd__a222oi_1)
                                         _14870_ (net)
                  0.95    0.00    3.59 ^ _18203_/A2 (sky130_fd_sc_hd__a21oi_1)
     2    0.02    0.26    0.34    3.93 v _18203_/Y (sky130_fd_sc_hd__a21oi_1)
                                         bu.rs1_data[29] (net)
                  0.26    0.00    3.93 v _29996_/B (sky130_fd_sc_hd__ha_1)
     2    0.01    0.07    0.38    4.31 ^ _29996_/SUM (sky130_fd_sc_hd__ha_1)
                                         _00451_ (net)
                  0.07    0.00    4.31 ^ _22078_/C (sky130_fd_sc_hd__nand4_1)
     3    0.01    0.18    0.17    4.49 v _22078_/Y (sky130_fd_sc_hd__nand4_1)
                                         _07844_ (net)
                  0.18    0.00    4.49 v _22082_/A (sky130_fd_sc_hd__nor4_1)
     3    0.02    0.93    0.85    5.34 ^ _22082_/Y (sky130_fd_sc_hd__nor4_1)
                                         _07848_ (net)
                  0.93    0.00    5.34 ^ _22136_/A (sky130_fd_sc_hd__nand3_1)
     1    0.01    0.21    0.21    5.55 v _22136_/Y (sky130_fd_sc_hd__nand3_1)
                                         _07902_ (net)
                  0.21    0.00    5.55 v _22137_/B (sky130_fd_sc_hd__xnor2_1)
     1    0.00    0.15    0.22    5.77 ^ _22137_/Y (sky130_fd_sc_hd__xnor2_1)
                                         _07903_ (net)
                  0.15    0.00    5.77 ^ _22138_/B (sky130_fd_sc_hd__nor2_1)
     1    0.01    0.12    0.09    5.86 v _22138_/Y (sky130_fd_sc_hd__nor2_1)
                                         _07904_ (net)
                  0.12    0.00    5.86 v _22140_/A2 (sky130_fd_sc_hd__o21ai_0)
     5    0.02    0.55    0.48    6.34 ^ _22140_/Y (sky130_fd_sc_hd__o21ai_0)
                                         _07906_ (net)
                  0.55    0.00    6.34 ^ _22142_/A3 (sky130_fd_sc_hd__o31a_1)
     6    0.03    0.32    0.38    6.72 ^ _22142_/X (sky130_fd_sc_hd__o31a_1)
                                         _07908_ (net)
                  0.32    0.00    6.72 ^ _22296_/S (sky130_fd_sc_hd__mux2_2)
    15    0.08    0.41    0.50    7.22 ^ _22296_/X (sky130_fd_sc_hd__mux2_2)
                                         _08028_ (net)
                  0.41    0.00    7.22 ^ _25156_/C (sky130_fd_sc_hd__nand3_1)
     2    0.01    0.13    0.16    7.38 v _25156_/Y (sky130_fd_sc_hd__nand3_1)
                                         _10592_ (net)
                  0.13    0.00    7.38 v _25158_/A (sky130_fd_sc_hd__inv_1)
    20    0.12    0.96    0.73    8.11 ^ _25158_/Y (sky130_fd_sc_hd__inv_1)
                                         _10594_ (net)
                  0.96    0.01    8.12 ^ place2587/A (sky130_fd_sc_hd__buf_4)
    19    0.14    0.39    0.49    8.61 ^ place2587/X (sky130_fd_sc_hd__buf_4)
                                         net2586 (net)
                  0.40    0.04    8.65 ^ place2586/A (sky130_fd_sc_hd__buf_4)
    19    0.10    0.26    0.36    9.01 ^ place2586/X (sky130_fd_sc_hd__buf_4)
                                         net2585 (net)
                  0.26    0.01    9.01 ^ place2585/A (sky130_fd_sc_hd__buf_4)
    16    0.08    0.21    0.30    9.31 ^ place2585/X (sky130_fd_sc_hd__buf_4)
                                         net2584 (net)
                  0.21    0.00    9.32 ^ place2584/A (sky130_fd_sc_hd__buf_4)
    16    0.07    0.21    0.28    9.60 ^ place2584/X (sky130_fd_sc_hd__buf_4)
                                         net2583 (net)
                  0.21    0.00    9.60 ^ place2583/A (sky130_fd_sc_hd__buf_4)
    16    0.08    0.21    0.29    9.89 ^ place2583/X (sky130_fd_sc_hd__buf_4)
                                         net2582 (net)
                  0.21    0.00    9.89 ^ idex.ex2_rs1_data[17]$_SDFFCE_PP0P_/DE (sky130_fd_sc_hd__edfxtp_1)
                                  9.89   data arrival time

                  0.00   17.00   17.00   clock clk (rise edge)
                          0.00   17.00   clock network delay (ideal)
                         -0.25   16.75   clock uncertainty
                          0.00   16.75   clock reconvergence pessimism
                                 16.75 ^ idex.ex2_rs1_data[17]$_SDFFCE_PP0P_/CLK (sky130_fd_sc_hd__edfxtp_1)
                         -0.32   16.43   library setup time
                                 16.43   data required time
-----------------------------------------------------------------------------
                                 16.43   data required time
                                 -9.89   data arrival time
-----------------------------------------------------------------------------
                                  6.54   slack (MET)



==========================================================================
detailed place report_check_types -max_slew -max_cap -max_fanout -violators
--------------------------------------------------------------------------

==========================================================================
detailed place max_slew_check_slack
--------------------------------------------------------------------------
0.15622170269489288

==========================================================================
detailed place max_slew_check_limit
--------------------------------------------------------------------------
1.4958089590072632

==========================================================================
detailed place max_slew_check_slack_limit
--------------------------------------------------------------------------
0.1044

==========================================================================
detailed place max_fanout_check_slack
--------------------------------------------------------------------------
0.0

==========================================================================
detailed place max_fanout_check_limit
--------------------------------------------------------------------------
20.0

==========================================================================
detailed place max_fanout_check_slack_limit
--------------------------------------------------------------------------
0.0000

==========================================================================
detailed place max_capacitance_check_slack
--------------------------------------------------------------------------
0.004776493180543184

==========================================================================
detailed place max_capacitance_check_limit
--------------------------------------------------------------------------
0.021067000925540924

==========================================================================
detailed place max_capacitance_check_slack_limit
--------------------------------------------------------------------------
0.2267

==========================================================================
detailed place max_slew_violation_count
--------------------------------------------------------------------------
max slew violation count 0

==========================================================================
detailed place max_fanout_violation_count
--------------------------------------------------------------------------
max fanout violation count 0

==========================================================================
detailed place max_cap_violation_count
--------------------------------------------------------------------------
max cap violation count 0

==========================================================================
detailed place setup_violation_count
--------------------------------------------------------------------------
setup violation count 0

==========================================================================
detailed place hold_violation_count
--------------------------------------------------------------------------
hold violation count 0

==========================================================================
detailed place report_checks -path_delay max reg to reg
--------------------------------------------------------------------------
Startpoint: exmem.mem2_valid$_SDFFE_PN0N_
            (rising edge-triggered flip-flop clocked by clk)
Endpoint: idex.ex2_rs1_data[17]$_SDFFCE_PP0P_
          (rising edge-triggered flip-flop clocked by clk)
Path Group: clk
Path Type: max

  Delay    Time   Description
---------------------------------------------------------
   0.00    0.00   clock clk (rise edge)
   0.00    0.00   clock network delay (ideal)
   0.00    0.00 ^ exmem.mem2_valid$_SDFFE_PN0N_/CLK (sky130_fd_sc_hd__dfxtp_1)
   0.46    0.46 ^ exmem.mem2_valid$_SDFFE_PN0N_/Q (sky130_fd_sc_hd__dfxtp_1)
   0.43    0.88 ^ _16705_/X (sky130_fd_sc_hd__and3b_1)
   0.22    1.10 v _17354_/Y (sky130_fd_sc_hd__o211ai_1)
   0.92    2.02 ^ _17428_/Y (sky130_fd_sc_hd__nor2_1)
   0.39    2.41 v _17434_/Y (sky130_fd_sc_hd__nor2_1)
   0.33    2.74 v place3043/X (sky130_fd_sc_hd__buf_4)
   0.84    3.58 ^ _17438_/Y (sky130_fd_sc_hd__a222oi_1)
   0.34    3.93 v _18203_/Y (sky130_fd_sc_hd__a21oi_1)
   0.39    4.31 ^ _29996_/SUM (sky130_fd_sc_hd__ha_1)
   0.17    4.49 v _22078_/Y (sky130_fd_sc_hd__nand4_1)
   0.85    5.34 ^ _22082_/Y (sky130_fd_sc_hd__nor4_1)
   0.21    5.55 v _22136_/Y (sky130_fd_sc_hd__nand3_1)
   0.22    5.77 ^ _22137_/Y (sky130_fd_sc_hd__xnor2_1)
   0.09    5.86 v _22138_/Y (sky130_fd_sc_hd__nor2_1)
   0.48    6.34 ^ _22140_/Y (sky130_fd_sc_hd__o21ai_0)
   0.38    6.72 ^ _22142_/X (sky130_fd_sc_hd__o31a_1)
   0.50    7.22 ^ _22296_/X (sky130_fd_sc_hd__mux2_2)
   0.16    7.38 v _25156_/Y (sky130_fd_sc_hd__nand3_1)
   0.73    8.11 ^ _25158_/Y (sky130_fd_sc_hd__inv_1)
   0.50    8.61 ^ place2587/X (sky130_fd_sc_hd__buf_4)
   0.40    9.01 ^ place2586/X (sky130_fd_sc_hd__buf_4)
   0.31    9.31 ^ place2585/X (sky130_fd_sc_hd__buf_4)
   0.29    9.60 ^ place2584/X (sky130_fd_sc_hd__buf_4)
   0.29    9.89 ^ place2583/X (sky130_fd_sc_hd__buf_4)
   0.00    9.89 ^ idex.ex2_rs1_data[17]$_SDFFCE_PP0P_/DE (sky130_fd_sc_hd__edfxtp_1)
           9.89   data arrival time

  17.00   17.00   clock clk (rise edge)
   0.00   17.00   clock network delay (ideal)
  -0.25   16.75   clock uncertainty
   0.00   16.75   clock reconvergence pessimism
          16.75 ^ idex.ex2_rs1_data[17]$_SDFFCE_PP0P_/CLK (sky130_fd_sc_hd__edfxtp_1)
  -0.32   16.43   library setup time
          16.43   data required time
---------------------------------------------------------
          16.43   data required time
          -9.89   data arrival time
---------------------------------------------------------
           6.54   slack (MET)



==========================================================================
detailed place report_checks -path_delay min reg to reg
--------------------------------------------------------------------------
Startpoint: ifid.id1_pc[27]$_SDFFE_PP0P_
            (rising edge-triggered flip-flop clocked by clk)
Endpoint: idex.ex1_pc[27]$_DFFE_PP_
          (rising edge-triggered flip-flop clocked by clk)
Path Group: clk
Path Type: min

  Delay    Time   Description
---------------------------------------------------------
   0.00    0.00   clock clk (rise edge)
   0.00    0.00   clock network delay (ideal)
   0.00    0.00 ^ ifid.id1_pc[27]$_SDFFE_PP0P_/CLK (sky130_fd_sc_hd__dfxtp_1)
   0.30    0.30 ^ ifid.id1_pc[27]$_SDFFE_PP0P_/Q (sky130_fd_sc_hd__dfxtp_1)
   0.00    0.30 ^ idex.ex1_pc[27]$_DFFE_PP_/D (sky130_fd_sc_hd__edfxtp_1)
           0.30   data arrival time

   0.00    0.00   clock clk (rise edge)
   0.00    0.00   clock network delay (ideal)
   0.25    0.25   clock uncertainty
   0.00    0.25   clock reconvergence pessimism
           0.25 ^ idex.ex1_pc[27]$_DFFE_PP_/CLK (sky130_fd_sc_hd__edfxtp_1)
  -0.12    0.13   library hold time
           0.13   data required time
---------------------------------------------------------
           0.13   data required time
          -0.30   data arrival time
---------------------------------------------------------
           0.17   slack (MET)



==========================================================================
detailed place critical path target clock latency max path
--------------------------------------------------------------------------
0.0000

==========================================================================
detailed place critical path target clock latency min path
--------------------------------------------------------------------------
0.0000

==========================================================================
detailed place critical path source clock latency min path
--------------------------------------------------------------------------
0.0000

==========================================================================
detailed place critical path delay
--------------------------------------------------------------------------
9.8929

==========================================================================
detailed place critical path slack
--------------------------------------------------------------------------
6.5360

==========================================================================
detailed place slack div critical path delay
--------------------------------------------------------------------------
66.067584

==========================================================================
detailed place report_power
--------------------------------------------------------------------------
Group                  Internal  Switching    Leakage      Total
                          Power      Power      Power      Power (Watts)
----------------------------------------------------------------
Sequential             8.12e-03   4.07e-04   2.86e-08   8.53e-03  58.7%
Combinational          2.02e-03   3.98e-03   4.22e-08   6.00e-03  41.3%
Clock                  0.00e+00   0.00e+00   0.00e+00   0.00e+00   0.0%
Macro                  0.00e+00   0.00e+00   0.00e+00   0.00e+00   0.0%
Pad                    0.00e+00   0.00e+00   0.00e+00   0.00e+00   0.0%
----------------------------------------------------------------
Total                  1.01e-02   4.39e-03   7.08e-08   1.45e-02 100.0%
                          69.8%      30.2%       0.0%
