
==========================================================================
finish report_tns
--------------------------------------------------------------------------
tns max 0.00

==========================================================================
finish report_wns
--------------------------------------------------------------------------
wns max 0.00

==========================================================================
finish report_worst_slack
--------------------------------------------------------------------------
worst slack max 5.90

==========================================================================
finish report_clock_min_period
--------------------------------------------------------------------------
clk period_min = 11.10 fmax = 90.12

==========================================================================
finish report_clock_skew
--------------------------------------------------------------------------
Clock clk
   1.06 source latency idex.ex1_rs1_data[2]$_SDFFCE_PP0P_/CLK ^
  -0.95 target latency idex.ex2_rs2[2]$_DFFE_PP_/CLK ^
   0.25 clock uncertainty
   0.00 CRPR
--------------
   0.35 setup skew


==========================================================================
finish report_checks -path_delay min
--------------------------------------------------------------------------
Startpoint: ifid.id1_pc[21]$_SDFFE_PP0P_
            (rising edge-triggered flip-flop clocked by clk)
Endpoint: idex.ex1_pc[21]$_DFFE_PP_
          (rising edge-triggered flip-flop clocked by clk)
Path Group: clk
Path Type: min

Fanout     Cap    Slew   Delay    Time   Description
-----------------------------------------------------------------------------
                          0.00    0.00   clock clk (rise edge)
                          0.00    0.00   clock source latency
     2    0.12    0.00    0.00    0.00 ^ clk (in)
                                         clk (net)
                  0.01    0.01    0.01 ^ clkbuf_0_clk/A (sky130_fd_sc_hd__clkbuf_16)
     4    0.18    0.19    0.22    0.23 ^ clkbuf_0_clk/X (sky130_fd_sc_hd__clkbuf_16)
                                         clknet_0_clk (net)
                  0.19    0.01    0.24 ^ clkbuf_2_2_0_clk/A (sky130_fd_sc_hd__clkbuf_16)
     8    0.21    0.22    0.30    0.54 ^ clkbuf_2_2_0_clk/X (sky130_fd_sc_hd__clkbuf_16)
                                         clknet_2_2_0_clk (net)
                  0.22    0.01    0.55 ^ clkbuf_5_16__f_clk/A (sky130_fd_sc_hd__clkbuf_16)
    12    0.17    0.18    0.29    0.84 ^ clkbuf_5_16__f_clk/X (sky130_fd_sc_hd__clkbuf_16)
                                         clknet_5_16__leaf_clk (net)
                  0.18    0.00    0.84 ^ clkbuf_leaf_284_clk/A (sky130_fd_sc_hd__clkbuf_16)
    10    0.04    0.06    0.18    1.03 ^ clkbuf_leaf_284_clk/X (sky130_fd_sc_hd__clkbuf_16)
                                         clknet_leaf_284_clk (net)
                  0.06    0.00    1.03 ^ ifid.id1_pc[21]$_SDFFE_PP0P_/CLK (sky130_fd_sc_hd__dfxtp_1)
     2    0.01    0.07    0.32    1.35 ^ ifid.id1_pc[21]$_SDFFE_PP0P_/Q (sky130_fd_sc_hd__dfxtp_1)
                                         id1_pc[21] (net)
                  0.07    0.00    1.35 ^ idex.ex1_pc[21]$_DFFE_PP_/D (sky130_fd_sc_hd__edfxtp_1)
                                  1.35   data arrival time

                          0.00    0.00   clock clk (rise edge)
                          0.00    0.00   clock source latency
     2    0.12    0.00    0.00    0.00 ^ clk (in)
                                         clk (net)
                  0.01    0.01    0.01 ^ clkbuf_0_clk/A (sky130_fd_sc_hd__clkbuf_16)
     4    0.18    0.19    0.22    0.23 ^ clkbuf_0_clk/X (sky130_fd_sc_hd__clkbuf_16)
                                         clknet_0_clk (net)
                  0.19    0.01    0.24 ^ clkbuf_2_2_0_clk/A (sky130_fd_sc_hd__clkbuf_16)
     8    0.21    0.22    0.30    0.54 ^ clkbuf_2_2_0_clk/X (sky130_fd_sc_hd__clkbuf_16)
                                         clknet_2_2_0_clk (net)
                  0.22    0.01    0.55 ^ clkbuf_5_16__f_clk/A (sky130_fd_sc_hd__clkbuf_16)
    12    0.17    0.18    0.29    0.84 ^ clkbuf_5_16__f_clk/X (sky130_fd_sc_hd__clkbuf_16)
                                         clknet_5_16__leaf_clk (net)
                  0.18    0.00    0.84 ^ clkbuf_leaf_285_clk/A (sky130_fd_sc_hd__clkbuf_16)
    12    0.04    0.06    0.19    1.03 ^ clkbuf_leaf_285_clk/X (sky130_fd_sc_hd__clkbuf_16)
                                         clknet_leaf_285_clk (net)
                  0.06    0.00    1.03 ^ idex.ex1_pc[21]$_DFFE_PP_/CLK (sky130_fd_sc_hd__edfxtp_1)
                          0.25    1.28   clock uncertainty
                          0.00    1.28   clock reconvergence pessimism
                         -0.11    1.17   library hold time
                                  1.17   data required time
-----------------------------------------------------------------------------
                                  1.17   data required time
                                 -1.35   data arrival time
-----------------------------------------------------------------------------
                                  0.18   slack (MET)



==========================================================================
finish report_checks -path_delay max
--------------------------------------------------------------------------
Startpoint: exmem.mem2_valid$_SDFFE_PN0N_
            (rising edge-triggered flip-flop clocked by clk)
Endpoint: idex.ex2_rs1_data[21]$_SDFFCE_PP0P_
          (rising edge-triggered flip-flop clocked by clk)
Path Group: clk
Path Type: max

Fanout     Cap    Slew   Delay    Time   Description
-----------------------------------------------------------------------------
                          0.00    0.00   clock clk (rise edge)
                          0.00    0.00   clock source latency
     2    0.12    0.00    0.00    0.00 ^ clk (in)
                                         clk (net)
                  0.01    0.01    0.01 ^ clkbuf_0_clk/A (sky130_fd_sc_hd__clkbuf_16)
     4    0.18    0.19    0.22    0.23 ^ clkbuf_0_clk/X (sky130_fd_sc_hd__clkbuf_16)
                                         clknet_0_clk (net)
                  0.19    0.01    0.24 ^ clkbuf_2_2_0_clk/A (sky130_fd_sc_hd__clkbuf_16)
     8    0.21    0.22    0.30    0.54 ^ clkbuf_2_2_0_clk/X (sky130_fd_sc_hd__clkbuf_16)
                                         clknet_2_2_0_clk (net)
                  0.22    0.00    0.55 ^ clkbuf_5_18__f_clk/A (sky130_fd_sc_hd__clkbuf_16)
    10    0.17    0.19    0.29    0.84 ^ clkbuf_5_18__f_clk/X (sky130_fd_sc_hd__clkbuf_16)
                                         clknet_5_18__leaf_clk (net)
                  0.19    0.01    0.84 ^ clkbuf_leaf_290_clk/A (sky130_fd_sc_hd__clkbuf_16)
     9    0.03    0.06    0.19    1.03 ^ clkbuf_leaf_290_clk/X (sky130_fd_sc_hd__clkbuf_16)
                                         clknet_leaf_290_clk (net)
                  0.06    0.00    1.03 ^ exmem.mem2_valid$_SDFFE_PN0N_/CLK (sky130_fd_sc_hd__dfxtp_1)
     9    0.03    0.30    0.49    1.52 ^ exmem.mem2_valid$_SDFFE_PN0N_/Q (sky130_fd_sc_hd__dfxtp_1)
                                         exmem.mem2_valid (net)
                  0.30    0.00    1.52 ^ _16705_/B (sky130_fd_sc_hd__and3b_1)
     3    0.03    0.33    0.41    1.93 ^ _16705_/X (sky130_fd_sc_hd__and3b_1)
                                         _14234_ (net)
                  0.33    0.01    1.94 ^ _17354_/B1 (sky130_fd_sc_hd__o211ai_1)
     4    0.01    0.17    0.22    2.16 v _17354_/Y (sky130_fd_sc_hd__o211ai_1)
                                         _14790_ (net)
                  0.17    0.00    2.16 v _17428_/A (sky130_fd_sc_hd__nor2_1)
    19    0.07    1.28    1.01    3.17 ^ _17428_/Y (sky130_fd_sc_hd__nor2_1)
                                         _14860_ (net)
                  1.28    0.00    3.17 ^ _17434_/A (sky130_fd_sc_hd__nor2_1)
     9    0.03    0.37    0.42    3.59 v _17434_/Y (sky130_fd_sc_hd__nor2_1)
                                         _14866_ (net)
                  0.37    0.00    3.59 v place3043/A (sky130_fd_sc_hd__buf_4)
    18    0.09    0.12    0.35    3.94 v place3043/X (sky130_fd_sc_hd__buf_4)
                                         net3042 (net)
                  0.12    0.01    3.95 v _17554_/B1 (sky130_fd_sc_hd__a222oi_1)
     1    0.05    1.63    1.30    5.26 ^ _17554_/Y (sky130_fd_sc_hd__a222oi_1)
                                         _04068_ (net)
                  1.63    0.00    5.26 ^ place2978/A (sky130_fd_sc_hd__buf_4)
     2    0.01    0.07    0.29    5.55 ^ place2978/X (sky130_fd_sc_hd__buf_4)
                                         net2977 (net)
                  0.07    0.00    5.55 ^ _18228_/A2 (sky130_fd_sc_hd__a21oi_1)
     2    0.02    0.14    0.14    5.69 v _18228_/Y (sky130_fd_sc_hd__a21oi_1)
                                         bu.rs1_data[16] (net)
                  0.14    0.00    5.69 v _29998_/B (sky130_fd_sc_hd__ha_1)
     1    0.00    0.05    0.31    6.00 ^ _29998_/SUM (sky130_fd_sc_hd__ha_1)
                                         _00457_ (net)
                  0.05    0.00    6.00 ^ _22081_/D (sky130_fd_sc_hd__nand4_1)
     1    0.00    0.08    0.10    6.10 v _22081_/Y (sky130_fd_sc_hd__nand4_1)
                                         _07847_ (net)
                  0.08    0.00    6.10 v _22082_/D (sky130_fd_sc_hd__nor4_1)
     3    0.02    1.00    0.77    6.87 ^ _22082_/Y (sky130_fd_sc_hd__nor4_1)
                                         _07848_ (net)
                  1.00    0.00    6.87 ^ _22136_/A (sky130_fd_sc_hd__nand3_1)
     1    0.01    0.23    0.22    7.09 v _22136_/Y (sky130_fd_sc_hd__nand3_1)
                                         _07902_ (net)
                  0.23    0.00    7.09 v _22137_/B (sky130_fd_sc_hd__xnor2_1)
     1    0.00    0.16    0.23    7.33 ^ _22137_/Y (sky130_fd_sc_hd__xnor2_1)
                                         _07903_ (net)
                  0.16    0.00    7.33 ^ _22138_/B (sky130_fd_sc_hd__nor2_1)
     1    0.01    0.12    0.09    7.41 v _22138_/Y (sky130_fd_sc_hd__nor2_1)
                                         _07904_ (net)
                  0.12    0.00    7.41 v _22140_/A2 (sky130_fd_sc_hd__o21ai_0)
     5    0.02    0.57    0.49    7.91 ^ _22140_/Y (sky130_fd_sc_hd__o21ai_0)
                                         _07906_ (net)
                  0.57    0.00    7.91 ^ _22142_/A3 (sky130_fd_sc_hd__o31a_1)
     6    0.03    0.34    0.40    8.30 ^ _22142_/X (sky130_fd_sc_hd__o31a_1)
                                         _07908_ (net)
                  0.34    0.00    8.31 ^ _22296_/S (sky130_fd_sc_hd__mux2_2)
    15    0.08    0.42    0.50    8.81 ^ _22296_/X (sky130_fd_sc_hd__mux2_2)
                                         _08028_ (net)
                  0.42    0.00    8.81 ^ _25156_/C (sky130_fd_sc_hd__nand3_1)
     2    0.01    0.14    0.16    8.98 v _25156_/Y (sky130_fd_sc_hd__nand3_1)
                                         _10592_ (net)
                  0.14    0.00    8.98 v _25158_/A (sky130_fd_sc_hd__inv_1)
    20    0.12    0.97    0.74    9.72 ^ _25158_/Y (sky130_fd_sc_hd__inv_1)
                                         _10594_ (net)
                  0.97    0.01    9.73 ^ place2587/A (sky130_fd_sc_hd__buf_4)
    19    0.15    0.41    0.49   10.22 ^ place2587/X (sky130_fd_sc_hd__buf_4)
                                         net2586 (net)
                  0.43    0.05   10.28 ^ place2586/A (sky130_fd_sc_hd__buf_4)
    19    0.10    0.27    0.37   10.64 ^ place2586/X (sky130_fd_sc_hd__buf_4)
                                         net2585 (net)
                  0.27    0.01   10.65 ^ place2585/A (sky130_fd_sc_hd__buf_4)
    16    0.08    0.22    0.31   10.96 ^ place2585/X (sky130_fd_sc_hd__buf_4)
                                         net2584 (net)
                  0.22    0.00   10.97 ^ place2584/A (sky130_fd_sc_hd__buf_4)
    16    0.07    0.21    0.28   11.25 ^ place2584/X (sky130_fd_sc_hd__buf_4)
                                         net2583 (net)
                  0.21    0.01   11.26 ^ place2583/A (sky130_fd_sc_hd__buf_4)
    16    0.08    0.21    0.29   11.54 ^ place2583/X (sky130_fd_sc_hd__buf_4)
                                         net2582 (net)
                  0.21    0.00   11.54 ^ idex.ex2_rs1_data[21]$_SDFFCE_PP0P_/DE (sky130_fd_sc_hd__edfxtp_1)
                                 11.54   data arrival time

                         17.00   17.00   clock clk (rise edge)
                          0.00   17.00   clock source latency
     2    0.12    0.00    0.00   17.00 ^ clk (in)
                                         clk (net)
                  0.01    0.01   17.01 ^ clkbuf_0_clk/A (sky130_fd_sc_hd__clkbuf_16)
     4    0.18    0.19    0.22   17.23 ^ clkbuf_0_clk/X (sky130_fd_sc_hd__clkbuf_16)
                                         clknet_0_clk (net)
                  0.19    0.01   17.24 ^ clkbuf_2_2_0_clk/A (sky130_fd_sc_hd__clkbuf_16)
     8    0.21    0.22    0.30   17.54 ^ clkbuf_2_2_0_clk/X (sky130_fd_sc_hd__clkbuf_16)
                                         clknet_2_2_0_clk (net)
                  0.22    0.01   17.55 ^ clkbuf_5_23__f_clk/A (sky130_fd_sc_hd__clkbuf_16)
    10    0.15    0.16    0.28   17.82 ^ clkbuf_5_23__f_clk/X (sky130_fd_sc_hd__clkbuf_16)
                                         clknet_5_23__leaf_clk (net)
                  0.16    0.01   17.83 ^ clkbuf_leaf_255_clk/A (sky130_fd_sc_hd__clkbuf_16)
    10    0.03    0.05    0.18   18.00 ^ clkbuf_leaf_255_clk/X (sky130_fd_sc_hd__clkbuf_16)
                                         clknet_leaf_255_clk (net)
                  0.05    0.00   18.00 ^ idex.ex2_rs1_data[21]$_SDFFCE_PP0P_/CLK (sky130_fd_sc_hd__edfxtp_1)
                         -0.25   17.75   clock uncertainty
                          0.00   17.75   clock reconvergence pessimism
                         -0.31   17.45   library setup time
                                 17.45   data required time
-----------------------------------------------------------------------------
                                 17.45   data required time
                                -11.54   data arrival time
-----------------------------------------------------------------------------
                                  5.90   slack (MET)



==========================================================================
finish report_checks -unconstrained
--------------------------------------------------------------------------
Startpoint: exmem.mem2_valid$_SDFFE_PN0N_
            (rising edge-triggered flip-flop clocked by clk)
Endpoint: idex.ex2_rs1_data[21]$_SDFFCE_PP0P_
          (rising edge-triggered flip-flop clocked by clk)
Path Group: clk
Path Type: max

Fanout     Cap    Slew   Delay    Time   Description
-----------------------------------------------------------------------------
                          0.00    0.00   clock clk (rise edge)
                          0.00    0.00   clock source latency
     2    0.12    0.00    0.00    0.00 ^ clk (in)
                                         clk (net)
                  0.01    0.01    0.01 ^ clkbuf_0_clk/A (sky130_fd_sc_hd__clkbuf_16)
     4    0.18    0.19    0.22    0.23 ^ clkbuf_0_clk/X (sky130_fd_sc_hd__clkbuf_16)
                                         clknet_0_clk (net)
                  0.19    0.01    0.24 ^ clkbuf_2_2_0_clk/A (sky130_fd_sc_hd__clkbuf_16)
     8    0.21    0.22    0.30    0.54 ^ clkbuf_2_2_0_clk/X (sky130_fd_sc_hd__clkbuf_16)
                                         clknet_2_2_0_clk (net)
                  0.22    0.00    0.55 ^ clkbuf_5_18__f_clk/A (sky130_fd_sc_hd__clkbuf_16)
    10    0.17    0.19    0.29    0.84 ^ clkbuf_5_18__f_clk/X (sky130_fd_sc_hd__clkbuf_16)
                                         clknet_5_18__leaf_clk (net)
                  0.19    0.01    0.84 ^ clkbuf_leaf_290_clk/A (sky130_fd_sc_hd__clkbuf_16)
     9    0.03    0.06    0.19    1.03 ^ clkbuf_leaf_290_clk/X (sky130_fd_sc_hd__clkbuf_16)
                                         clknet_leaf_290_clk (net)
                  0.06    0.00    1.03 ^ exmem.mem2_valid$_SDFFE_PN0N_/CLK (sky130_fd_sc_hd__dfxtp_1)
     9    0.03    0.30    0.49    1.52 ^ exmem.mem2_valid$_SDFFE_PN0N_/Q (sky130_fd_sc_hd__dfxtp_1)
                                         exmem.mem2_valid (net)
                  0.30    0.00    1.52 ^ _16705_/B (sky130_fd_sc_hd__and3b_1)
     3    0.03    0.33    0.41    1.93 ^ _16705_/X (sky130_fd_sc_hd__and3b_1)
                                         _14234_ (net)
                  0.33    0.01    1.94 ^ _17354_/B1 (sky130_fd_sc_hd__o211ai_1)
     4    0.01    0.17    0.22    2.16 v _17354_/Y (sky130_fd_sc_hd__o211ai_1)
                                         _14790_ (net)
                  0.17    0.00    2.16 v _17428_/A (sky130_fd_sc_hd__nor2_1)
    19    0.07    1.28    1.01    3.17 ^ _17428_/Y (sky130_fd_sc_hd__nor2_1)
                                         _14860_ (net)
                  1.28    0.00    3.17 ^ _17434_/A (sky130_fd_sc_hd__nor2_1)
     9    0.03    0.37    0.42    3.59 v _17434_/Y (sky130_fd_sc_hd__nor2_1)
                                         _14866_ (net)
                  0.37    0.00    3.59 v place3043/A (sky130_fd_sc_hd__buf_4)
    18    0.09    0.12    0.35    3.94 v place3043/X (sky130_fd_sc_hd__buf_4)
                                         net3042 (net)
                  0.12    0.01    3.95 v _17554_/B1 (sky130_fd_sc_hd__a222oi_1)
     1    0.05    1.63    1.30    5.26 ^ _17554_/Y (sky130_fd_sc_hd__a222oi_1)
                                         _04068_ (net)
                  1.63    0.00    5.26 ^ place2978/A (sky130_fd_sc_hd__buf_4)
     2    0.01    0.07    0.29    5.55 ^ place2978/X (sky130_fd_sc_hd__buf_4)
                                         net2977 (net)
                  0.07    0.00    5.55 ^ _18228_/A2 (sky130_fd_sc_hd__a21oi_1)
     2    0.02    0.14    0.14    5.69 v _18228_/Y (sky130_fd_sc_hd__a21oi_1)
                                         bu.rs1_data[16] (net)
                  0.14    0.00    5.69 v _29998_/B (sky130_fd_sc_hd__ha_1)
     1    0.00    0.05    0.31    6.00 ^ _29998_/SUM (sky130_fd_sc_hd__ha_1)
                                         _00457_ (net)
                  0.05    0.00    6.00 ^ _22081_/D (sky130_fd_sc_hd__nand4_1)
     1    0.00    0.08    0.10    6.10 v _22081_/Y (sky130_fd_sc_hd__nand4_1)
                                         _07847_ (net)
                  0.08    0.00    6.10 v _22082_/D (sky130_fd_sc_hd__nor4_1)
     3    0.02    1.00    0.77    6.87 ^ _22082_/Y (sky130_fd_sc_hd__nor4_1)
                                         _07848_ (net)
                  1.00    0.00    6.87 ^ _22136_/A (sky130_fd_sc_hd__nand3_1)
     1    0.01    0.23    0.22    7.09 v _22136_/Y (sky130_fd_sc_hd__nand3_1)
                                         _07902_ (net)
                  0.23    0.00    7.09 v _22137_/B (sky130_fd_sc_hd__xnor2_1)
     1    0.00    0.16    0.23    7.33 ^ _22137_/Y (sky130_fd_sc_hd__xnor2_1)
                                         _07903_ (net)
                  0.16    0.00    7.33 ^ _22138_/B (sky130_fd_sc_hd__nor2_1)
     1    0.01    0.12    0.09    7.41 v _22138_/Y (sky130_fd_sc_hd__nor2_1)
                                         _07904_ (net)
                  0.12    0.00    7.41 v _22140_/A2 (sky130_fd_sc_hd__o21ai_0)
     5    0.02    0.57    0.49    7.91 ^ _22140_/Y (sky130_fd_sc_hd__o21ai_0)
                                         _07906_ (net)
                  0.57    0.00    7.91 ^ _22142_/A3 (sky130_fd_sc_hd__o31a_1)
     6    0.03    0.34    0.40    8.30 ^ _22142_/X (sky130_fd_sc_hd__o31a_1)
                                         _07908_ (net)
                  0.34    0.00    8.31 ^ _22296_/S (sky130_fd_sc_hd__mux2_2)
    15    0.08    0.42    0.50    8.81 ^ _22296_/X (sky130_fd_sc_hd__mux2_2)
                                         _08028_ (net)
                  0.42    0.00    8.81 ^ _25156_/C (sky130_fd_sc_hd__nand3_1)
     2    0.01    0.14    0.16    8.98 v _25156_/Y (sky130_fd_sc_hd__nand3_1)
                                         _10592_ (net)
                  0.14    0.00    8.98 v _25158_/A (sky130_fd_sc_hd__inv_1)
    20    0.12    0.97    0.74    9.72 ^ _25158_/Y (sky130_fd_sc_hd__inv_1)
                                         _10594_ (net)
                  0.97    0.01    9.73 ^ place2587/A (sky130_fd_sc_hd__buf_4)
    19    0.15    0.41    0.49   10.22 ^ place2587/X (sky130_fd_sc_hd__buf_4)
                                         net2586 (net)
                  0.43    0.05   10.28 ^ place2586/A (sky130_fd_sc_hd__buf_4)
    19    0.10    0.27    0.37   10.64 ^ place2586/X (sky130_fd_sc_hd__buf_4)
                                         net2585 (net)
                  0.27    0.01   10.65 ^ place2585/A (sky130_fd_sc_hd__buf_4)
    16    0.08    0.22    0.31   10.96 ^ place2585/X (sky130_fd_sc_hd__buf_4)
                                         net2584 (net)
                  0.22    0.00   10.97 ^ place2584/A (sky130_fd_sc_hd__buf_4)
    16    0.07    0.21    0.28   11.25 ^ place2584/X (sky130_fd_sc_hd__buf_4)
                                         net2583 (net)
                  0.21    0.01   11.26 ^ place2583/A (sky130_fd_sc_hd__buf_4)
    16    0.08    0.21    0.29   11.54 ^ place2583/X (sky130_fd_sc_hd__buf_4)
                                         net2582 (net)
                  0.21    0.00   11.54 ^ idex.ex2_rs1_data[21]$_SDFFCE_PP0P_/DE (sky130_fd_sc_hd__edfxtp_1)
                                 11.54   data arrival time

                         17.00   17.00   clock clk (rise edge)
                          0.00   17.00   clock source latency
     2    0.12    0.00    0.00   17.00 ^ clk (in)
                                         clk (net)
                  0.01    0.01   17.01 ^ clkbuf_0_clk/A (sky130_fd_sc_hd__clkbuf_16)
     4    0.18    0.19    0.22   17.23 ^ clkbuf_0_clk/X (sky130_fd_sc_hd__clkbuf_16)
                                         clknet_0_clk (net)
                  0.19    0.01   17.24 ^ clkbuf_2_2_0_clk/A (sky130_fd_sc_hd__clkbuf_16)
     8    0.21    0.22    0.30   17.54 ^ clkbuf_2_2_0_clk/X (sky130_fd_sc_hd__clkbuf_16)
                                         clknet_2_2_0_clk (net)
                  0.22    0.01   17.55 ^ clkbuf_5_23__f_clk/A (sky130_fd_sc_hd__clkbuf_16)
    10    0.15    0.16    0.28   17.82 ^ clkbuf_5_23__f_clk/X (sky130_fd_sc_hd__clkbuf_16)
                                         clknet_5_23__leaf_clk (net)
                  0.16    0.01   17.83 ^ clkbuf_leaf_255_clk/A (sky130_fd_sc_hd__clkbuf_16)
    10    0.03    0.05    0.18   18.00 ^ clkbuf_leaf_255_clk/X (sky130_fd_sc_hd__clkbuf_16)
                                         clknet_leaf_255_clk (net)
                  0.05    0.00   18.00 ^ idex.ex2_rs1_data[21]$_SDFFCE_PP0P_/CLK (sky130_fd_sc_hd__edfxtp_1)
                         -0.25   17.75   clock uncertainty
                          0.00   17.75   clock reconvergence pessimism
                         -0.31   17.45   library setup time
                                 17.45   data required time
-----------------------------------------------------------------------------
                                 17.45   data required time
                                -11.54   data arrival time
-----------------------------------------------------------------------------
                                  5.90   slack (MET)



==========================================================================
finish report_check_types -max_slew -max_cap -max_fanout -violators
--------------------------------------------------------------------------
max slew

Pin                                    Limit    Slew   Slack
------------------------------------------------------------
place2978/A                             1.50    1.63   -0.13 (VIOLATED)
_17554_/Y                               1.50    1.63   -0.13 (VIOLATED)


==========================================================================
finish max_slew_check_slack
--------------------------------------------------------------------------
-0.12666712701320648

==========================================================================
finish max_slew_check_limit
--------------------------------------------------------------------------
1.5

==========================================================================
finish max_slew_check_slack_limit
--------------------------------------------------------------------------
-0.0844

==========================================================================
finish max_fanout_check_slack
--------------------------------------------------------------------------
0.0

==========================================================================
finish max_fanout_check_limit
--------------------------------------------------------------------------
20.0

==========================================================================
finish max_fanout_check_slack_limit
--------------------------------------------------------------------------
0.0000

==========================================================================
finish max_capacitance_check_slack
--------------------------------------------------------------------------
-0.0006599335465580225

==========================================================================
finish max_capacitance_check_limit
--------------------------------------------------------------------------
0.06501200050115585

==========================================================================
finish max_capacitance_check_slack_limit
--------------------------------------------------------------------------
-0.0102

==========================================================================
finish max_slew_violation_count
--------------------------------------------------------------------------
max slew violation count 2

==========================================================================
finish max_fanout_violation_count
--------------------------------------------------------------------------
max fanout violation count 0

==========================================================================
finish max_cap_violation_count
--------------------------------------------------------------------------
max cap violation count 0

==========================================================================
finish setup_violation_count
--------------------------------------------------------------------------
setup violation count 0

==========================================================================
finish hold_violation_count
--------------------------------------------------------------------------
hold violation count 0

==========================================================================
finish report_checks -path_delay max reg to reg
--------------------------------------------------------------------------
Startpoint: exmem.mem2_valid$_SDFFE_PN0N_
            (rising edge-triggered flip-flop clocked by clk)
Endpoint: idex.ex2_rs1_data[21]$_SDFFCE_PP0P_
          (rising edge-triggered flip-flop clocked by clk)
Path Group: clk
Path Type: max

  Delay    Time   Description
---------------------------------------------------------
   0.00    0.00   clock clk (rise edge)
   0.00    0.00   clock source latency
   0.00    0.00 ^ clk (in)
   0.23    0.23 ^ clkbuf_0_clk/X (sky130_fd_sc_hd__clkbuf_16)
   0.31    0.54 ^ clkbuf_2_2_0_clk/X (sky130_fd_sc_hd__clkbuf_16)
   0.30    0.84 ^ clkbuf_5_18__f_clk/X (sky130_fd_sc_hd__clkbuf_16)
   0.19    1.03 ^ clkbuf_leaf_290_clk/X (sky130_fd_sc_hd__clkbuf_16)
   0.00    1.03 ^ exmem.mem2_valid$_SDFFE_PN0N_/CLK (sky130_fd_sc_hd__dfxtp_1)
   0.49    1.52 ^ exmem.mem2_valid$_SDFFE_PN0N_/Q (sky130_fd_sc_hd__dfxtp_1)
   0.41    1.93 ^ _16705_/X (sky130_fd_sc_hd__and3b_1)
   0.23    2.16 v _17354_/Y (sky130_fd_sc_hd__o211ai_1)
   1.01    3.17 ^ _17428_/Y (sky130_fd_sc_hd__nor2_1)
   0.42    3.59 v _17434_/Y (sky130_fd_sc_hd__nor2_1)
   0.35    3.94 v place3043/X (sky130_fd_sc_hd__buf_4)
   1.32    5.26 ^ _17554_/Y (sky130_fd_sc_hd__a222oi_1)
   0.29    5.55 ^ place2978/X (sky130_fd_sc_hd__buf_4)
   0.14    5.69 v _18228_/Y (sky130_fd_sc_hd__a21oi_1)
   0.31    6.00 ^ _29998_/SUM (sky130_fd_sc_hd__ha_1)
   0.10    6.10 v _22081_/Y (sky130_fd_sc_hd__nand4_1)
   0.77    6.87 ^ _22082_/Y (sky130_fd_sc_hd__nor4_1)
   0.22    7.09 v _22136_/Y (sky130_fd_sc_hd__nand3_1)
   0.23    7.33 ^ _22137_/Y (sky130_fd_sc_hd__xnor2_1)
   0.09    7.41 v _22138_/Y (sky130_fd_sc_hd__nor2_1)
   0.49    7.91 ^ _22140_/Y (sky130_fd_sc_hd__o21ai_0)
   0.40    8.30 ^ _22142_/X (sky130_fd_sc_hd__o31a_1)
   0.51    8.81 ^ _22296_/X (sky130_fd_sc_hd__mux2_2)
   0.17    8.98 v _25156_/Y (sky130_fd_sc_hd__nand3_1)
   0.74    9.72 ^ _25158_/Y (sky130_fd_sc_hd__inv_1)
   0.51   10.22 ^ place2587/X (sky130_fd_sc_hd__buf_4)
   0.42   10.64 ^ place2586/X (sky130_fd_sc_hd__buf_4)
   0.32   10.96 ^ place2585/X (sky130_fd_sc_hd__buf_4)
   0.29   11.25 ^ place2584/X (sky130_fd_sc_hd__buf_4)
   0.29   11.54 ^ place2583/X (sky130_fd_sc_hd__buf_4)
   0.00   11.54 ^ idex.ex2_rs1_data[21]$_SDFFCE_PP0P_/DE (sky130_fd_sc_hd__edfxtp_1)
          11.54   data arrival time

  17.00   17.00   clock clk (rise edge)
   0.00   17.00   clock source latency
   0.00   17.00 ^ clk (in)
   0.23   17.23 ^ clkbuf_0_clk/X (sky130_fd_sc_hd__clkbuf_16)
   0.31   17.54 ^ clkbuf_2_2_0_clk/X (sky130_fd_sc_hd__clkbuf_16)
   0.28   17.82 ^ clkbuf_5_23__f_clk/X (sky130_fd_sc_hd__clkbuf_16)
   0.18   18.00 ^ clkbuf_leaf_255_clk/X (sky130_fd_sc_hd__clkbuf_16)
   0.00   18.00 ^ idex.ex2_rs1_data[21]$_SDFFCE_PP0P_/CLK (sky130_fd_sc_hd__edfxtp_1)
  -0.25   17.75   clock uncertainty
   0.00   17.75   clock reconvergence pessimism
  -0.31   17.45   library setup time
          17.45   data required time
---------------------------------------------------------
          17.45   data required time
         -11.54   data arrival time
---------------------------------------------------------
           5.90   slack (MET)



==========================================================================
finish report_checks -path_delay min reg to reg
--------------------------------------------------------------------------
Startpoint: ifid.id1_pc[21]$_SDFFE_PP0P_
            (rising edge-triggered flip-flop clocked by clk)
Endpoint: idex.ex1_pc[21]$_DFFE_PP_
          (rising edge-triggered flip-flop clocked by clk)
Path Group: clk
Path Type: min

  Delay    Time   Description
---------------------------------------------------------
   0.00    0.00   clock clk (rise edge)
   0.00    0.00   clock source latency
   0.00    0.00 ^ clk (in)
   0.23    0.23 ^ clkbuf_0_clk/X (sky130_fd_sc_hd__clkbuf_16)
   0.31    0.54 ^ clkbuf_2_2_0_clk/X (sky130_fd_sc_hd__clkbuf_16)
   0.30    0.84 ^ clkbuf_5_16__f_clk/X (sky130_fd_sc_hd__clkbuf_16)
   0.19    1.03 ^ clkbuf_leaf_284_clk/X (sky130_fd_sc_hd__clkbuf_16)
   0.00    1.03 ^ ifid.id1_pc[21]$_SDFFE_PP0P_/CLK (sky130_fd_sc_hd__dfxtp_1)
   0.32    1.35 ^ ifid.id1_pc[21]$_SDFFE_PP0P_/Q (sky130_fd_sc_hd__dfxtp_1)
   0.00    1.35 ^ idex.ex1_pc[21]$_DFFE_PP_/D (sky130_fd_sc_hd__edfxtp_1)
           1.35   data arrival time

   0.00    0.00   clock clk (rise edge)
   0.00    0.00   clock source latency
   0.00    0.00 ^ clk (in)
   0.23    0.23 ^ clkbuf_0_clk/X (sky130_fd_sc_hd__clkbuf_16)
   0.31    0.54 ^ clkbuf_2_2_0_clk/X (sky130_fd_sc_hd__clkbuf_16)
   0.30    0.84 ^ clkbuf_5_16__f_clk/X (sky130_fd_sc_hd__clkbuf_16)
   0.19    1.03 ^ clkbuf_leaf_285_clk/X (sky130_fd_sc_hd__clkbuf_16)
   0.00    1.03 ^ idex.ex1_pc[21]$_DFFE_PP_/CLK (sky130_fd_sc_hd__edfxtp_1)
   0.25    1.28   clock uncertainty
   0.00    1.28   clock reconvergence pessimism
  -0.11    1.17   library hold time
           1.17   data required time
---------------------------------------------------------
           1.17   data required time
          -1.35   data arrival time
---------------------------------------------------------
           0.18   slack (MET)



==========================================================================
finish critical path target clock latency max path
--------------------------------------------------------------------------
0.9952

==========================================================================
finish critical path target clock latency min path
--------------------------------------------------------------------------
1.0289

==========================================================================
finish critical path source clock latency min path
--------------------------------------------------------------------------
0.0000

==========================================================================
finish critical path delay
--------------------------------------------------------------------------
11.5442

==========================================================================
finish critical path slack
--------------------------------------------------------------------------
5.9032

==========================================================================
finish slack div critical path delay
--------------------------------------------------------------------------
51.135635

==========================================================================
finish report_power
--------------------------------------------------------------------------
Group                  Internal  Switching    Leakage      Total
                          Power      Power      Power      Power (Watts)
----------------------------------------------------------------
Sequential             7.97e-03   4.33e-04   2.86e-08   8.40e-03  37.3%
Combinational          2.02e-03   4.18e-03   4.22e-08   6.20e-03  27.5%
Clock                  4.46e-03   3.49e-03   5.75e-09   7.95e-03  35.2%
Macro                  0.00e+00   0.00e+00   0.00e+00   0.00e+00   0.0%
Pad                    0.00e+00   0.00e+00   0.00e+00   0.00e+00   0.0%
----------------------------------------------------------------
Total                  1.45e-02   8.10e-03   7.65e-08   2.26e-02 100.0%
                          64.1%      35.9%       0.0%
